Archive member included to satisfy reference by file (symbol)

/home/nmt/Ac6/SystemWorkbench/plugins/fr.ac6.mcu.externaltools.arm-none.linux64_1.17.0.201812190825/tools/compiler/bin/../lib/gcc/arm-none-eabi/7.3.1/thumb/v7e-m/fpv4-sp/hard/libgcc.a(_arm_addsubdf3.o)
                              app/src/app.o (__aeabi_f2d)
/home/nmt/Ac6/SystemWorkbench/plugins/fr.ac6.mcu.externaltools.arm-none.linux64_1.17.0.201812190825/tools/compiler/bin/../lib/gcc/arm-none-eabi/7.3.1/../../../../arm-none-eabi/lib/thumb/v7e-m/fpv4-sp/hard/libc.a(lib_a-errno.o)
                              startup/sysmem.o (__errno)
/home/nmt/Ac6/SystemWorkbench/plugins/fr.ac6.mcu.externaltools.arm-none.linux64_1.17.0.201812190825/tools/compiler/bin/../lib/gcc/arm-none-eabi/7.3.1/../../../../arm-none-eabi/lib/thumb/v7e-m/fpv4-sp/hard/libc.a(lib_a-exit.o)
                              /home/nmt/Ac6/SystemWorkbench/plugins/fr.ac6.mcu.externaltools.arm-none.linux64_1.17.0.201812190825/tools/compiler/bin/../lib/gcc/arm-none-eabi/7.3.1/../../../../arm-none-eabi/lib/thumb/v7e-m/fpv4-sp/hard/crt0.o (exit)
/home/nmt/Ac6/SystemWorkbench/plugins/fr.ac6.mcu.externaltools.arm-none.linux64_1.17.0.201812190825/tools/compiler/bin/../lib/gcc/arm-none-eabi/7.3.1/../../../../arm-none-eabi/lib/thumb/v7e-m/fpv4-sp/hard/libc.a(lib_a-impure.o)
                              /home/nmt/Ac6/SystemWorkbench/plugins/fr.ac6.mcu.externaltools.arm-none.linux64_1.17.0.201812190825/tools/compiler/bin/../lib/gcc/arm-none-eabi/7.3.1/../../../../arm-none-eabi/lib/thumb/v7e-m/fpv4-sp/hard/libc.a(lib_a-exit.o) (_global_impure_ptr)
/home/nmt/Ac6/SystemWorkbench/plugins/fr.ac6.mcu.externaltools.arm-none.linux64_1.17.0.201812190825/tools/compiler/bin/../lib/gcc/arm-none-eabi/7.3.1/../../../../arm-none-eabi/lib/thumb/v7e-m/fpv4-sp/hard/libc.a(lib_a-init.o)
                              /home/nmt/Ac6/SystemWorkbench/plugins/fr.ac6.mcu.externaltools.arm-none.linux64_1.17.0.201812190825/tools/compiler/bin/../lib/gcc/arm-none-eabi/7.3.1/../../../../arm-none-eabi/lib/thumb/v7e-m/fpv4-sp/hard/crt0.o (__libc_init_array)
/home/nmt/Ac6/SystemWorkbench/plugins/fr.ac6.mcu.externaltools.arm-none.linux64_1.17.0.201812190825/tools/compiler/bin/../lib/gcc/arm-none-eabi/7.3.1/../../../../arm-none-eabi/lib/thumb/v7e-m/fpv4-sp/hard/libc.a(lib_a-memset.o)
                              /home/nmt/Ac6/SystemWorkbench/plugins/fr.ac6.mcu.externaltools.arm-none.linux64_1.17.0.201812190825/tools/compiler/bin/../lib/gcc/arm-none-eabi/7.3.1/../../../../arm-none-eabi/lib/thumb/v7e-m/fpv4-sp/hard/crt0.o (memset)
/home/nmt/Ac6/SystemWorkbench/plugins/fr.ac6.mcu.externaltools.arm-none.linux64_1.17.0.201812190825/tools/compiler/bin/../lib/gcc/arm-none-eabi/7.3.1/../../../../arm-none-eabi/lib/thumb/v7e-m/fpv4-sp/hard/libc.a(lib_a-snprintf.o)
                              app/src/app.o (snprintf)
/home/nmt/Ac6/SystemWorkbench/plugins/fr.ac6.mcu.externaltools.arm-none.linux64_1.17.0.201812190825/tools/compiler/bin/../lib/gcc/arm-none-eabi/7.3.1/../../../../arm-none-eabi/lib/thumb/v7e-m/fpv4-sp/hard/libc.a(lib_a-strlen.o)
                              app/src/app.o (strlen)
/home/nmt/Ac6/SystemWorkbench/plugins/fr.ac6.mcu.externaltools.arm-none.linux64_1.17.0.201812190825/tools/compiler/bin/../lib/gcc/arm-none-eabi/7.3.1/../../../../arm-none-eabi/lib/thumb/v7e-m/fpv4-sp/hard/libc.a(lib_a-svfprintf.o)
                              /home/nmt/Ac6/SystemWorkbench/plugins/fr.ac6.mcu.externaltools.arm-none.linux64_1.17.0.201812190825/tools/compiler/bin/../lib/gcc/arm-none-eabi/7.3.1/../../../../arm-none-eabi/lib/thumb/v7e-m/fpv4-sp/hard/libc.a(lib_a-snprintf.o) (_svfprintf_r)
/home/nmt/Ac6/SystemWorkbench/plugins/fr.ac6.mcu.externaltools.arm-none.linux64_1.17.0.201812190825/tools/compiler/bin/../lib/gcc/arm-none-eabi/7.3.1/../../../../arm-none-eabi/lib/thumb/v7e-m/fpv4-sp/hard/libc.a(lib_a-__call_atexit.o)
                              /home/nmt/Ac6/SystemWorkbench/plugins/fr.ac6.mcu.externaltools.arm-none.linux64_1.17.0.201812190825/tools/compiler/bin/../lib/gcc/arm-none-eabi/7.3.1/../../../../arm-none-eabi/lib/thumb/v7e-m/fpv4-sp/hard/libc.a(lib_a-exit.o) (__call_exitprocs)
/home/nmt/Ac6/SystemWorkbench/plugins/fr.ac6.mcu.externaltools.arm-none.linux64_1.17.0.201812190825/tools/compiler/bin/../lib/gcc/arm-none-eabi/7.3.1/../../../../arm-none-eabi/lib/thumb/v7e-m/fpv4-sp/hard/libc.a(lib_a-atexit.o)
                              /home/nmt/Ac6/SystemWorkbench/plugins/fr.ac6.mcu.externaltools.arm-none.linux64_1.17.0.201812190825/tools/compiler/bin/../lib/gcc/arm-none-eabi/7.3.1/../../../../arm-none-eabi/lib/thumb/v7e-m/fpv4-sp/hard/libc.a(lib_a-__call_atexit.o) (atexit)
/home/nmt/Ac6/SystemWorkbench/plugins/fr.ac6.mcu.externaltools.arm-none.linux64_1.17.0.201812190825/tools/compiler/bin/../lib/gcc/arm-none-eabi/7.3.1/../../../../arm-none-eabi/lib/thumb/v7e-m/fpv4-sp/hard/libc.a(lib_a-dtoa.o)
[...]
Memory Configuration

Name             Origin             Length             Attributes
RAM              0x0000000020000000 0x0000000000018000 xrw
ROM              0x0000000008000000 0x0000000000080000 xr
*default*        0x0000000000000000 0xffffffffffffffff

Linker script and memory map

LOAD /home/nmt/Ac6/SystemWorkbench/plugins/fr.ac6.mcu.externaltools.arm-none.linux64_1.17.0.201812190825/tools/compiler/bin/../lib/gcc/arm-none-eabi/7.3.1/thumb/v7e-m/fpv4-sp/hard/crti.o
LOAD /home/nmt/Ac6/SystemWorkbench/plugins/fr.ac6.mcu.externaltools.arm-none.linux64_1.17.0.201812190825/tools/compiler/bin/../lib/gcc/arm-none-eabi/7.3.1/thumb/v7e-m/fpv4-sp/hard/crtbegin.o
LOAD /home/nmt/Ac6/SystemWorkbench/plugins/fr.ac6.mcu.externaltools.arm-none.linux64_1.17.0.201812190825/tools/compiler/bin/../lib/gcc/arm-none-eabi/7.3.1/../../../../arm-none-eabi/lib/thumb/v7e-m/fpv4-sp/hard/crt0.o
LOAD app/src/app.o
LOAD drivers/src/gp_timer.o
LOAD drivers/src/gpio.o
LOAD drivers/src/i2c.o
LOAD drivers/src/usart.o
LOAD src/main.o
LOAD startup/startup_stm32.o
LOAD startup/sysmem.o
LOAD /home/nmt/Ac6/SystemWorkbench/plugins/fr.ac6.mcu.externaltools.arm-none.linux64_1.17.0.201812190825/tools/compiler/bin/../lib/gcc/arm-none-eabi/7.3.1/../../../../arm-none-eabi/lib/thumb/v7e-m/fpv4-sp/hard/libm.a
START GROUP
LOAD /home/nmt/Ac6/SystemWorkbench/plugins/fr.ac6.mcu.externaltools.arm-none.linux64_1.17.0.201812190825/tools/compiler/bin/../lib/gcc/arm-none-eabi/7.3.1/thumb/v7e-m/fpv4-sp/hard/libgcc.a
LOAD /home/nmt/Ac6/SystemWorkbench/plugins/fr.ac6.mcu.externaltools.arm-none.linux64_1.17.0.201812190825/tools/compiler/bin/../lib/gcc/arm-none-eabi/7.3.1/../../../../arm-none-eabi/lib/thumb/v7e-m/fpv4-sp/hard/libc.a
END GROUP
LOAD /home/nmt/Ac6/SystemWorkbench/plugins/fr.ac6.mcu.externaltools.arm-none.linux64_1.17.0.201812190825/tools/compiler/bin/../lib/gcc/arm-none-eabi/7.3.1/thumb/v7e-m/fpv4-sp/hard/crtend.o
LOAD /home/nmt/Ac6/SystemWorkbench/plugins/fr.ac6.mcu.externaltools.arm-none.linux64_1.17.0.201812190825/tools/compiler/bin/../lib/gcc/arm-none-eabi/7.3.1/thumb/v7e-m/fpv4-sp/hard/crtn.o
                0x0000000020018000                _estack = 0x20018000
                0x0000000000000000                _Min_Heap_Size = 0x0
                0x0000000000000400                _Min_Stack_Size = 0x400

.isr_vector     0x0000000008000000      0x194
                0x0000000008000000                . = ALIGN (0x4)
 *(.isr_vector)
 .isr_vector    0x0000000008000000      0x194 startup/startup_stm32.o
                0x0000000008000000                g_pfnVectors
                0x0000000008000194                . = ALIGN (0x4)

.text           0x00000000080001c0     0x64f4
                0x00000000080001c0                . = ALIGN (0x4)
 *(.text)
 .text          0x00000000080001c0       0x40 /home/nmt/Ac6/SystemWorkbench/plugins/fr.ac6.mcu.externaltools.arm-none.linux64_1.17.0.201812190825/tools/compiler/bin/../lib/gcc/arm-none-eabi/7.3.1/thumb/v7e-m/fpv4-sp/hard/crtbegin.o
 .text          0x0000000008000200      0x378 /home/nmt/Ac6/SystemWorkbench/plugins/fr.ac6.mcu.externaltools.arm-none.linux64_1.17.0.201812190825/tools/compiler/bin/../lib/gcc/arm-none-eabi/7.3.1/thumb/v7e-m/fpv4-sp/hard/libgcc.a(_arm_addsubdf3.o)
                0x0000000008000200                __aeabi_drsub
                0x0000000008000208                __aeabi_dsub
                0x0000000008000208                __subdf3
                0x000000000800020c                __adddf3
                0x000000000800020c                __aeabi_dadd
                0x0000000008000484                __aeabi_ui2d
                0x0000000008000484                __floatunsidf
                0x00000000080004a4                __floatsidf
                0x00000000080004a4                __aeabi_i2d
                0x00000000080004c8                __extendsfdf2
                0x00000000080004c8                __aeabi_f2d
                0x000000000800050c                __aeabi_ul2d
                0x000000000800050c                __floatundidf
                0x000000000800051c                __floatdidf
                0x000000000800051c                __aeabi_l2d
 *fill*         0x0000000008000578        0x8 
 .text          0x0000000008000580       0xdc /home/nmt/Ac6/SystemWorkbench/plugins/fr.ac6.mcu.externaltools.arm-none.linux64_1.17.0.201812190825/tools/compiler/bin/../lib/gcc/arm-none-eabi/7.3.1/../../../../arm-none-eabi/lib/thumb/v7e-m/fpv4-sp/hard/libc.a(lib_a-strlen.o)
                0x0000000008000580                strlen
 *fill*         0x000000000800065c        0x4 
 .text          0x0000000008000660       0xa0 /home/nmt/Ac6/SystemWorkbench/plugins/fr.ac6.mcu.externaltools.arm-none.linux64_1.17.0.201812190825/tools/compiler/bin/../lib/gcc/arm-none-eabi/7.3.1/../../../../arm-none-eabi/lib/thumb/v7e-m/fpv4-sp/hard/libc.a(lib_a-memchr.o)
                0x0000000008000660                memchr
 .text          0x0000000008000700      0x134 /home/nmt/Ac6/SystemWorkbench/plugins/fr.ac6.mcu.externaltools.arm-none.linux64_1.17.0.201812190825/tools/compiler/bin/../lib/gcc/arm-none-eabi/7.3.1/../../../../arm-none-eabi/lib/thumb/v7e-m/fpv4-sp/hard/libc.a(lib_a-memcpy.o)
                0x0000000008000700                memcpy
 .text          0x0000000008000834      0x424 /home/nmt/Ac6/SystemWorkbench/plugins/fr.ac6.mcu.externaltools.arm-none.linux64_1.17.0.201812190825/tools/compiler/bin/../lib/gcc/arm-none-eabi/7.3.1/thumb/v7e-m/fpv4-sp/hard/libgcc.a(_arm_muldivdf3.o)
                0x0000000008000834                __aeabi_dmul
                0x0000000008000834                __muldf3
                0x0000000008000a88                __aeabi_ddiv
                0x0000000008000a88                __divdf3
 .text          0x0000000008000c58      0x110 /home/nmt/Ac6/SystemWorkbench/plugins/fr.ac6.mcu.externaltools.arm-none.linux64_1.17.0.201812190825/tools/compiler/bin/../lib/gcc/arm-none-eabi/7.3.1/thumb/v7e-m/fpv4-sp/hard/libgcc.a(_arm_cmpdf2.o)
                0x0000000008000c58                __gtdf2
                0x0000000008000c58                __gedf2
                0x0000000008000c60                __ltdf2
                0x0000000008000c60                __ledf2
                0x0000000008000c68                __cmpdf2
                0x0000000008000c68                __eqdf2
                0x0000000008000c68                __nedf2
                0x0000000008000ce4                __aeabi_cdrcmple
                0x0000000008000cf4                __aeabi_cdcmple
                0x0000000008000cf4                __aeabi_cdcmpeq
                0x0000000008000d04                __aeabi_dcmpeq
                0x0000000008000d18                __aeabi_dcmplt
                0x0000000008000d2c                __aeabi_dcmple
                0x0000000008000d40                __aeabi_dcmpge
                0x0000000008000d54                __aeabi_dcmpgt
 .text          0x0000000008000d68       0x2c /home/nmt/Ac6/SystemWorkbench/plugins/fr.ac6.mcu.externaltools.arm-none.linux64_1.17.0.201812190825/tools/compiler/bin/../lib/gcc/arm-none-eabi/7.3.1/thumb/v7e-m/fpv4-sp/hard/libgcc.a(_arm_unorddf2.o)
                0x0000000008000d68                __aeabi_dcmpun
                0x0000000008000d68                __unorddf2
 .text          0x0000000008000d94       0x50 /home/nmt/Ac6/SystemWorkbench/plugins/fr.ac6.mcu.externaltools.arm-none.linux64_1.17.0.201812190825/tools/compiler/bin/../lib/gcc/arm-none-eabi/7.3.1/thumb/v7e-m/fpv4-sp/hard/libgcc.a(_arm_fixdfsi.o)
                0x0000000008000d94                __fixdfsi
                0x0000000008000d94                __aeabi_d2iz
 .text          0x0000000008000de4       0x30 /home/nmt/Ac6/SystemWorkbench/plugins/fr.ac6.mcu.externaltools.arm-none.linux64_1.17.0.201812190825/tools/compiler/bin/../lib/gcc/arm-none-eabi/7.3.1/thumb/v7e-m/fpv4-sp/hard/libgcc.a(_aeabi_uldivmod.o)
                0x0000000008000de4                __aeabi_uldivmod
 .text          0x0000000008000e14      0x2cc /home/nmt/Ac6/SystemWorkbench/plugins/fr.ac6.mcu.externaltools.arm-none.linux64_1.17.0.201812190825/tools/compiler/bin/../lib/gcc/arm-none-eabi/7.3.1/thumb/v7e-m/fpv4-sp/hard/libgcc.a(_udivmoddi4.o)
                0x0000000008000e14                __udivmoddi4
 .text          0x00000000080010e0        0x4 /home/nmt/Ac6/SystemWorkbench/plugins/fr.ac6.mcu.externaltools.arm-none.linux64_1.17.0.201812190825/tools/compiler/bin/../lib/gcc/arm-none-eabi/7.3.1/thumb/v7e-m/fpv4-sp/hard/libgcc.a(_dvmd_tls.o)
                0x00000000080010e0                __aeabi_ldiv0
                0x00000000080010e0                __aeabi_idiv0
 *(.text*)
 .text.app_enable_FPU
                0x00000000080010e4       0x28 app/src/app.o
 .text.app_USART6_init
                0x000000000800110c       0x44 app/src/app.o
 .text.app_USART6_gpio_init
                0x0000000008001150       0x40 app/src/app.o
 .text.app_i2c_init
                0x0000000008001190       0xb0 app/src/app.o
 .text.app_gp_timer_init
                0x0000000008001240       0x64 app/src/app.o
 .text.app_bluetooth_init
                0x00000000080012a4       0x48 app/src/app.o
                0x00000000080012a4                app_bluetooth_init
 .text.app_mlx_init
                0x00000000080012ec       0x40 app/src/app.o
                0x00000000080012ec                app_mlx_init
 .text.app_start
                0x000000000800132c        0xc app/src/app.o
                0x000000000800132c                app_start
 .text.app_get_state
                0x0000000008001338       0x18 app/src/app.o
                0x0000000008001338                app_get_state
 .text.app_mlx_measure
                0x0000000008001350       0xa0 app/src/app.o
                0x0000000008001350                app_mlx_measure
 .text.app_mlx_send
                0x00000000080013f0       0x70 app/src/app.o
                0x00000000080013f0                app_mlx_send
 .text.gpt_get_counter
                0x0000000008001460       0x1a drivers/src/gp_timer.o
 .text.gpt_timer_start
                0x000000000800147a       0x24 drivers/src/gp_timer.o
 .text.gpt_get_handle
                0x000000000800149e       0x32 drivers/src/gp_timer.o
                0x000000000800149e                gpt_get_handle
 .text.gpt_init
                0x00000000080014d0       0xf8 drivers/src/gp_timer.o
                0x00000000080014d0                gpt_init
 .text.gpt_ioctl
                0x00000000080015c8       0x3e drivers/src/gp_timer.o
                0x00000000080015c8                gpt_ioctl
 *fill*         0x0000000008001606        0x2 
 .text.gpt_interrupt_config
                0x0000000008001608      0x10c drivers/src/gp_timer.o
                0x0000000008001608                gpt_interrupt_config
 .text.gpt_interrupt_handle
                0x0000000008001714       0x78 drivers/src/gp_timer.o
                0x0000000008001714                gpt_interrupt_handle
 .text.GPIO_get_handle
                0x000000000800178c       0x2e drivers/src/gpio.o
                0x000000000800178c                GPIO_get_handle
 *fill*         0x00000000080017ba        0x2 
 .text.GPIO_init
                0x00000000080017bc      0x30c drivers/src/gpio.o
                0x00000000080017bc                GPIO_init
 .text.GPIO_pclk_control
                0x0000000008001ac8       0xd4 drivers/src/gpio.o
                0x0000000008001ac8                GPIO_pclk_control
 .text.RCC_get_pclk1
                0x0000000008001b9c       0xb8 drivers/src/i2c.o
 .text.I2C_gen_start
                0x0000000008001c54       0x20 drivers/src/i2c.o
 .text.I2C_gen_stop
                0x0000000008001c74       0x20 drivers/src/i2c.o
 .text.I2C_exec_addr_phase
                0x0000000008001c94       0x46 drivers/src/i2c.o
 .text.I2C_clear_addr_flag
                0x0000000008001cda       0x20 drivers/src/i2c.o
 *fill*         0x0000000008001cfa        0x2 
 .text.I2C_peripheral_clock_on
                0x0000000008001cfc       0x60 drivers/src/i2c.o
 .text.I2C_init
                0x0000000008001d5c      0x16c drivers/src/i2c.o
                0x0000000008001d5c                I2C_init
 .text.i2c_master_send
                0x0000000008001ec8       0xca drivers/src/i2c.o
                0x0000000008001ec8                i2c_master_send
 .text.I2C_master_recv
                0x0000000008001f92      0x120 drivers/src/i2c.o
                0x0000000008001f92                I2C_master_recv
 .text.I2C_ACK  0x00000000080020b2       0x38 drivers/src/i2c.o
                0x00000000080020b2                I2C_ACK
 .text.I2C_peripheral_control
                0x00000000080020ea       0x38 drivers/src/i2c.o
                0x00000000080020ea                I2C_peripheral_control
 .text.I2C_flag_status
                0x0000000008002122       0x28 drivers/src/i2c.o
                0x0000000008002122                I2C_flag_status
 *fill*         0x000000000800214a        0x2 
 .text.RCC_GetPCLK2Value
                0x000000000800214c       0xa0 drivers/src/usart.o
 .text.USART_set_baudrate
                0x00000000080021ec       0xdc drivers/src/usart.o
                0x00000000080021ec                USART_set_baudrate
 .text.USART_init
                0x00000000080022c8      0x106 drivers/src/usart.o
                0x00000000080022c8                USART_init
 .text.USART_peripheral_control
                0x00000000080023ce       0x38 drivers/src/usart.o
                0x00000000080023ce                USART_peripheral_control
 *fill*         0x0000000008002406        0x2 
 .text.USART_peripheral_clock_control
                0x0000000008002408       0x88 drivers/src/usart.o
                0x0000000008002408                USART_peripheral_clock_control
 .text.USART_get_flag_status
                0x0000000008002490       0x2a drivers/src/usart.o
                0x0000000008002490                USART_get_flag_status
 .text.USART_send_data
                0x00000000080024ba       0x60 drivers/src/usart.o
                0x00000000080024ba                USART_send_data
 *fill*         0x000000000800251a        0x2 
 .text.TIM3_IRQHandler
                0x000000000800251c       0x40 src/main.o
                0x000000000800251c                TIM3_IRQHandler
 .text.main     0x000000000800255c       0x1e src/main.o
                0x000000000800255c                main
 *fill*         0x000000000800257a        0x2 
 .text.Reset_Handler
                0x000000000800257c       0x50 startup/startup_stm32.o
                0x000000000800257c                Reset_Handler
 .text.Default_Handler
                0x00000000080025cc        0x2 startup/startup_stm32.o
                0x00000000080025cc                RTC_Alarm_IRQHandler
                0x00000000080025cc                EXTI2_IRQHandler
                0x00000000080025cc                DebugMon_Handler
                0x00000000080025cc                SPI4_IRQHandler
                0x00000000080025cc                TIM1_CC_IRQHandler
                0x00000000080025cc                HardFault_Handler
                0x00000000080025cc                SysTick_Handler
                0x00000000080025cc                PVD_IRQHandler
                0x00000000080025cc                SDIO_IRQHandler
                0x00000000080025cc                TAMP_STAMP_IRQHandler
                0x00000000080025cc                PendSV_Handler
                0x00000000080025cc                NMI_Handler
                0x00000000080025cc                EXTI3_IRQHandler
                0x00000000080025cc                TIM1_UP_TIM10_IRQHandler
                0x00000000080025cc                I2C3_ER_IRQHandler
                0x00000000080025cc                EXTI0_IRQHandler
                0x00000000080025cc                I2C2_EV_IRQHandler
                0x00000000080025cc                FPU_IRQHandler
                0x00000000080025cc                UsageFault_Handler
                0x00000000080025cc                SPI1_IRQHandler
                0x00000000080025cc                TIM1_BRK_TIM9_IRQHandler
                0x00000000080025cc                I2C1_EV_IRQHandler
                0x00000000080025cc                RCC_IRQHandler
                0x00000000080025cc                Default_Handler
                0x00000000080025cc                EXTI15_10_IRQHandler
                0x00000000080025cc                ADC_IRQHandler
                0x00000000080025cc                I2C3_EV_IRQHandler
                0x00000000080025cc                EXTI9_5_IRQHandler
                0x00000000080025cc                RTC_WKUP_IRQHandler
                0x00000000080025cc                SPI2_IRQHandler
                0x00000000080025cc                MemManage_Handler
                0x00000000080025cc                SVC_Handler
                0x00000000080025cc                EXTI4_IRQHandler
                0x00000000080025cc                TIM2_IRQHandler
                0x00000000080025cc                OTG_FS_WKUP_IRQHandler
                0x00000000080025cc                TIM1_TRG_COM_TIM11_IRQHandler
                0x00000000080025cc                EXTI1_IRQHandler
                0x00000000080025cc                I2C2_ER_IRQHandler
                0x00000000080025cc                FLASH_IRQHandler
                0x00000000080025cc                BusFault_Handler
                0x00000000080025cc                OTG_FS_IRQHandler
                0x00000000080025cc                SPI3_IRQHandler
                0x00000000080025cc                I2C1_ER_IRQHandler
 *fill*         0x00000000080025ce        0x2 
 .text._sbrk    0x00000000080025d0       0x58 startup/sysmem.o
                0x00000000080025d0                _sbrk
 .text.__errno  0x0000000008002628        0xc /home/nmt/Ac6/SystemWorkbench/plugins/fr.ac6.mcu.externaltools.arm-none.linux64_1.17.0.201812190825/tools/compiler/bin/../lib/gcc/arm-none-eabi/7.3.1/../../../../arm-none-eabi/lib/thumb/v7e-m/fpv4-sp/hard/libc.a(lib_a-errno.o)
                0x0000000008002628                __errno
 .text.__libc_init_array
                0x0000000008002634       0x48 /home/nmt/Ac6/SystemWorkbench/plugins/fr.ac6.mcu.externaltools.arm-none.linux64_1.17.0.201812190825/tools/compiler/bin/../lib/gcc/arm-none-eabi/7.3.1/../../../../arm-none-eabi/lib/thumb/v7e-m/fpv4-sp/hard/libc.a(lib_a-init.o)
                0x0000000008002634                __libc_init_array
 .text.memset   0x000000000800267c       0x94 /home/nmt/Ac6/SystemWorkbench/plugins/fr.ac6.mcu.externaltools.arm-none.linux64_1.17.0.201812190825/tools/compiler/bin/../lib/gcc/arm-none-eabi/7.3.1/../../../../arm-none-eabi/lib/thumb/v7e-m/fpv4-sp/hard/libc.a(lib_a-memset.o)
                0x000000000800267c                memset
 .text.snprintf
                0x0000000008002710       0x90 /home/nmt/Ac6/SystemWorkbench/plugins/fr.ac6.mcu.externaltools.arm-none.linux64_1.17.0.201812190825/tools/compiler/bin/../lib/gcc/arm-none-eabi/7.3.1/../../../../arm-none-eabi/lib/thumb/v7e-m/fpv4-sp/hard/libc.a(lib_a-snprintf.o)
                0x0000000008002710                snprintf
 .text._svfprintf_r
                0x00000000080027a0     0x19cc /home/nmt/Ac6/SystemWorkbench/plugins/fr.ac6.mcu.externaltools.arm-none.linux64_1.17.0.201812190825/tools/compiler/bin/../lib/gcc/arm-none-eabi/7.3.1/../../../../arm-none-eabi/lib/thumb/v7e-m/fpv4-sp/hard/libc.a(lib_a-svfprintf.o)
                0x00000000080027a0                _svfprintf_r
 .text.startup.register_fini
                0x000000000800416c       0x14 /home/nmt/Ac6/SystemWorkbench/plugins/fr.ac6.mcu.externaltools.arm-none.linux64_1.17.0.201812190825/tools/compiler/bin/../lib/gcc/arm-none-eabi/7.3.1/../../../../arm-none-eabi/lib/thumb/v7e-m/fpv4-sp/hard/libc.a(lib_a-__call_atexit.o)
 .text.atexit   0x0000000008004180        0xc /home/nmt/Ac6/SystemWorkbench/plugins/fr.ac6.mcu.externaltools.arm-none.linux64_1.17.0.201812190825/tools/compiler/bin/../lib/gcc/arm-none-eabi/7.3.1/../../../../arm-none-eabi/lib/thumb/v7e-m/fpv4-sp/hard/libc.a(lib_a-atexit.o)
                0x0000000008004180                atexit
 .text.quorem   0x000000000800418c      0x124 /home/nmt/Ac6/SystemWorkbench/plugins/fr.ac6.mcu.externaltools.arm-none.linux64_1.17.0.201812190825/tools/compiler/bin/../lib/gcc/arm-none-eabi/7.3.1/../../../../arm-none-eabi/lib/thumb/v7e-m/fpv4-sp/hard/libc.a(lib_a-dtoa.o)
 .text._dtoa_r  0x00000000080042b0      0xe20 /home/nmt/Ac6/SystemWorkbench/plugins/fr.ac6.mcu.externaltools.arm-none.linux64_1.17.0.201812190825/tools/compiler/bin/../lib/gcc/arm-none-eabi/7.3.1/../../../../arm-none-eabi/lib/thumb/v7e-m/fpv4-sp/hard/libc.a(lib_a-dtoa.o)
                0x00000000080042b0                _dtoa_r
 .text.__libc_fini_array
                0x00000000080050d0       0x34 /home/nmt/Ac6/SystemWorkbench/plugins/fr.ac6.mcu.externaltools.arm-none.linux64_1.17.0.201812190825/tools/compiler/bin/../lib/gcc/arm-none-eabi/7.3.1/../../../../arm-none-eabi/lib/thumb/v7e-m/fpv4-sp/hard/libc.a(lib_a-fini.o)
                0x00000000080050d0                __libc_fini_array
 .text._malloc_trim_r
                0x0000000008005104       0xa0 /home/nmt/Ac6/SystemWorkbench/plugins/fr.ac6.mcu.externaltools.arm-none.linux64_1.17.0.201812190825/tools/compiler/bin/../lib/gcc/arm-none-eabi/7.3.1/../../../../arm-none-eabi/lib/thumb/v7e-m/fpv4-sp/hard/libc.a(lib_a-freer.o)
                0x0000000008005104                _malloc_trim_r
 .text._free_r  0x00000000080051a4      0x1e8 /home/nmt/Ac6/SystemWorkbench/plugins/fr.ac6.mcu.externaltools.arm-none.linux64_1.17.0.201812190825/tools/compiler/bin/../lib/gcc/arm-none-eabi/7.3.1/../../../../arm-none-eabi/lib/thumb/v7e-m/fpv4-sp/hard/libc.a(lib_a-freer.o)
                0x00000000080051a4                _free_r
 .text._localeconv_r
                0x000000000800538c       0x1c /home/nmt/Ac6/SystemWorkbench/plugins/fr.ac6.mcu.externaltools.arm-none.linux64_1.17.0.201812190825/tools/compiler/bin/../lib/gcc/arm-none-eabi/7.3.1/../../../../arm-none-eabi/lib/thumb/v7e-m/fpv4-sp/hard/libc.a(lib_a-localeconv.o)
                0x000000000800538c                _localeconv_r
 .text.__retarget_lock_acquire_recursive
                0x00000000080053a8        0x4 /home/nmt/Ac6/SystemWorkbench/plugins/fr.ac6.mcu.externaltools.arm-none.linux64_1.17.0.201812190825/tools/compiler/bin/../lib/gcc/arm-none-eabi/7.3.1/../../../../arm-none-eabi/lib/thumb/v7e-m/fpv4-sp/hard/libc.a(lib_a-lock.o)
                0x00000000080053a8                __retarget_lock_acquire_recursive
 .text.__retarget_lock_release_recursive
                0x00000000080053ac        0x4 /home/nmt/Ac6/SystemWorkbench/plugins/fr.ac6.mcu.externaltools.arm-none.linux64_1.17.0.201812190825/tools/compiler/bin/../lib/gcc/arm-none-eabi/7.3.1/../../../../arm-none-eabi/lib/thumb/v7e-m/fpv4-sp/hard/libc.a(lib_a-lock.o)
                0x00000000080053ac                __retarget_lock_release_recursive
 .text._malloc_r
                0x00000000080053b0      0x548 /home/nmt/Ac6/SystemWorkbench/plugins/fr.ac6.mcu.externaltools.arm-none.linux64_1.17.0.201812190825/tools/compiler/bin/../lib/gcc/arm-none-eabi/7.3.1/../../../../arm-none-eabi/lib/thumb/v7e-m/fpv4-sp/hard/libc.a(lib_a-mallocr.o)
                0x00000000080053b0                _malloc_r
 .text.__malloc_lock
                0x00000000080058f8        0xc /home/nmt/Ac6/SystemWorkbench/plugins/fr.ac6.mcu.externaltools.arm-none.linux64_1.17.0.201812190825/tools/compiler/bin/../lib/gcc/arm-none-eabi/7.3.1/../../../../arm-none-eabi/lib/thumb/v7e-m/fpv4-sp/hard/libc.a(lib_a-mlock.o)
                0x00000000080058f8                __malloc_lock
 .text.__malloc_unlock
                0x0000000008005904        0xc /home/nmt/Ac6/SystemWorkbench/plugins/fr.ac6.mcu.externaltools.arm-none.linux64_1.17.0.201812190825/tools/compiler/bin/../lib/gcc/arm-none-eabi/7.3.1/../../../../arm-none-eabi/lib/thumb/v7e-m/fpv4-sp/hard/libc.a(lib_a-mlock.o)
                0x0000000008005904                __malloc_unlock
 .text._Balloc  0x0000000008005910       0x4c /home/nmt/Ac6/SystemWorkbench/plugins/fr.ac6.mcu.externaltools.arm-none.linux64_1.17.0.201812190825/tools/compiler/bin/../lib/gcc/arm-none-eabi/7.3.1/../../../../arm-none-eabi/lib/thumb/v7e-m/fpv4-sp/hard/libc.a(lib_a-mprec.o)
                0x0000000008005910                _Balloc
 .text._Bfree   0x000000000800595c       0x14 /home/nmt/Ac6/SystemWorkbench/plugins/fr.ac6.mcu.externaltools.arm-none.linux64_1.17.0.201812190825/tools/compiler/bin/../lib/gcc/arm-none-eabi/7.3.1/../../../../arm-none-eabi/lib/thumb/v7e-m/fpv4-sp/hard/libc.a(lib_a-mprec.o)
                0x000000000800595c                _Bfree
 .text.__multadd
                0x0000000008005970       0x80 /home/nmt/Ac6/SystemWorkbench/plugins/fr.ac6.mcu.externaltools.arm-none.linux64_1.17.0.201812190825/tools/compiler/bin/../lib/gcc/arm-none-eabi/7.3.1/../../../../arm-none-eabi/lib/thumb/v7e-m/fpv4-sp/hard/libc.a(lib_a-mprec.o)
                0x0000000008005970                __multadd
 .text.__hi0bits
                0x00000000080059f0       0x40 /home/nmt/Ac6/SystemWorkbench/plugins/fr.ac6.mcu.externaltools.arm-none.linux64_1.17.0.201812190825/tools/compiler/bin/../lib/gcc/arm-none-eabi/7.3.1/../../../../arm-none-eabi/lib/thumb/v7e-m/fpv4-sp/hard/libc.a(lib_a-mprec.o)
                0x00000000080059f0                __hi0bits
 .text.__lo0bits
                0x0000000008005a30       0x60 /home/nmt/Ac6/SystemWorkbench/plugins/fr.ac6.mcu.externaltools.arm-none.linux64_1.17.0.201812190825/tools/compiler/bin/../lib/gcc/arm-none-eabi/7.3.1/../../../../arm-none-eabi/lib/thumb/v7e-m/fpv4-sp/hard/libc.a(lib_a-mprec.o)
                0x0000000008005a30                __lo0bits
 .text.__i2b    0x0000000008005a90       0x14 /home/nmt/Ac6/SystemWorkbench/plugins/fr.ac6.mcu.externaltools.arm-none.linux64_1.17.0.201812190825/tools/compiler/bin/../lib/gcc/arm-none-eabi/7.3.1/../../../../arm-none-eabi/lib/thumb/v7e-m/fpv4-sp/hard/libc.a(lib_a-mprec.o)
                0x0000000008005a90                __i2b
 .text.__multiply
                0x0000000008005aa4      0x14c /home/nmt/Ac6/SystemWorkbench/plugins/fr.ac6.mcu.externaltools.arm-none.linux64_1.17.0.201812190825/tools/compiler/bin/../lib/gcc/arm-none-eabi/7.3.1/../../../../arm-none-eabi/lib/thumb/v7e-m/fpv4-sp/hard/libc.a(lib_a-mprec.o)
                0x0000000008005aa4                __multiply
 .text.__pow5mult
                0x0000000008005bf0       0xa0 /home/nmt/Ac6/SystemWorkbench/plugins/fr.ac6.mcu.externaltools.arm-none.linux64_1.17.0.201812190825/tools/compiler/bin/../lib/gcc/arm-none-eabi/7.3.1/../../../../arm-none-eabi/lib/thumb/v7e-m/fpv4-sp/hard/libc.a(lib_a-mprec.o)
                0x0000000008005bf0                __pow5mult
 .text.__lshift
                0x0000000008005c90       0xac /home/nmt/Ac6/SystemWorkbench/plugins/fr.ac6.mcu.externaltools.arm-none.linux64_1.17.0.201812190825/tools/compiler/bin/../lib/gcc/arm-none-eabi/7.3.1/../../../../arm-none-eabi/lib/thumb/v7e-m/fpv4-sp/hard/libc.a(lib_a-mprec.o)
                0x0000000008005c90                __lshift
 .text.__mcmp   0x0000000008005d3c       0x38 /home/nmt/Ac6/SystemWorkbench/plugins/fr.ac6.mcu.externaltools.arm-none.linux64_1.17.0.201812190825/tools/compiler/bin/../lib/gcc/arm-none-eabi/7.3.1/../../../../arm-none-eabi/lib/thumb/v7e-m/fpv4-sp/hard/libc.a(lib_a-mprec.o)
                0x0000000008005d3c                __mcmp
 .text.__mdiff  0x0000000008005d74       0xec /home/nmt/Ac6/SystemWorkbench/plugins/fr.ac6.mcu.externaltools.arm-none.linux64_1.17.0.201812190825/tools/compiler/bin/../lib/gcc/arm-none-eabi/7.3.1/../../../../arm-none-eabi/lib/thumb/v7e-m/fpv4-sp/hard/libc.a(lib_a-mprec.o)
                0x0000000008005d74                __mdiff
 .text.__d2b    0x0000000008005e60       0xc4 /home/nmt/Ac6/SystemWorkbench/plugins/fr.ac6.mcu.externaltools.arm-none.linux64_1.17.0.201812190825/tools/compiler/bin/../lib/gcc/arm-none-eabi/7.3.1/../../../../arm-none-eabi/lib/thumb/v7e-m/fpv4-sp/hard/libc.a(lib_a-mprec.o)
                0x0000000008005e60                __d2b
 .text.frexp    0x0000000008005f24       0x68 /home/nmt/Ac6/SystemWorkbench/plugins/fr.ac6.mcu.externaltools.arm-none.linux64_1.17.0.201812190825/tools/compiler/bin/../lib/gcc/arm-none-eabi/7.3.1/../../../../arm-none-eabi/lib/thumb/v7e-m/fpv4-sp/hard/libc.a(lib_a-s_frexp.o)
                0x0000000008005f24                frexp
 .text._sbrk_r  0x0000000008005f8c       0x24 /home/nmt/Ac6/SystemWorkbench/plugins/fr.ac6.mcu.externaltools.arm-none.linux64_1.17.0.201812190825/tools/compiler/bin/../lib/gcc/arm-none-eabi/7.3.1/../../../../arm-none-eabi/lib/thumb/v7e-m/fpv4-sp/hard/libc.a(lib_a-sbrkr.o)
                0x0000000008005f8c                _sbrk_r
 .text.strncpy  0x0000000008005fb0       0x64 /home/nmt/Ac6/SystemWorkbench/plugins/fr.ac6.mcu.externaltools.arm-none.linux64_1.17.0.201812190825/tools/compiler/bin/../lib/gcc/arm-none-eabi/7.3.1/../../../../arm-none-eabi/lib/thumb/v7e-m/fpv4-sp/hard/libc.a(lib_a-strncpy.o)
                0x0000000008005fb0                strncpy
 .text.__ssprint_r
                0x0000000008006014       0xf4 /home/nmt/Ac6/SystemWorkbench/plugins/fr.ac6.mcu.externaltools.arm-none.linux64_1.17.0.201812190825/tools/compiler/bin/../lib/gcc/arm-none-eabi/7.3.1/../../../../arm-none-eabi/lib/thumb/v7e-m/fpv4-sp/hard/libc.a(lib_a-svfiprintf.o)
                0x0000000008006014                __ssprint_r
 .text.__register_exitproc
                0x0000000008006108       0xc0 /home/nmt/Ac6/SystemWorkbench/plugins/fr.ac6.mcu.externaltools.arm-none.linux64_1.17.0.201812190825/tools/compiler/bin/../lib/gcc/arm-none-eabi/7.3.1/../../../../arm-none-eabi/lib/thumb/v7e-m/fpv4-sp/hard/libc.a(lib_a-__atexit.o)
                0x0000000008006108                __register_exitproc
 .text._calloc_r
                0x00000000080061c8       0x68 /home/nmt/Ac6/SystemWorkbench/plugins/fr.ac6.mcu.externaltools.arm-none.linux64_1.17.0.201812190825/tools/compiler/bin/../lib/gcc/arm-none-eabi/7.3.1/../../../../arm-none-eabi/lib/thumb/v7e-m/fpv4-sp/hard/libc.a(lib_a-callocr.o)
                0x00000000080061c8                _calloc_r
 .text.__ascii_mbtowc
                0x0000000008006230       0x2c /home/nmt/Ac6/SystemWorkbench/plugins/fr.ac6.mcu.externaltools.arm-none.linux64_1.17.0.201812190825/tools/compiler/bin/../lib/gcc/arm-none-eabi/7.3.1/../../../../arm-none-eabi/lib/thumb/v7e-m/fpv4-sp/hard/libc.a(lib_a-mbtowc_r.o)
                0x0000000008006230                __ascii_mbtowc
 .text.memmove  0x000000000800625c       0xc8 /home/nmt/Ac6/SystemWorkbench/plugins/fr.ac6.mcu.externaltools.arm-none.linux64_1.17.0.201812190825/tools/compiler/bin/../lib/gcc/arm-none-eabi/7.3.1/../../../../arm-none-eabi/lib/thumb/v7e-m/fpv4-sp/hard/libc.a(lib_a-memmove.o)
                0x000000000800625c                memmove
 .text._realloc_r
                0x0000000008006324      0x35c /home/nmt/Ac6/SystemWorkbench/plugins/fr.ac6.mcu.externaltools.arm-none.linux64_1.17.0.201812190825/tools/compiler/bin/../lib/gcc/arm-none-eabi/7.3.1/../../../../arm-none-eabi/lib/thumb/v7e-m/fpv4-sp/hard/libc.a(lib_a-reallocr.o)
                0x0000000008006324                _realloc_r
 .text.__ascii_wctomb
                0x0000000008006680       0x1c /home/nmt/Ac6/SystemWorkbench/plugins/fr.ac6.mcu.externaltools.arm-none.linux64_1.17.0.201812190825/tools/compiler/bin/../lib/gcc/arm-none-eabi/7.3.1/../../../../arm-none-eabi/lib/thumb/v7e-m/fpv4-sp/hard/libc.a(lib_a-wctomb_r.o)
                0x0000000008006680                __ascii_wctomb
 *(.glue_7)
 .glue_7        0x000000000800669c        0x0 linker stubs
 *(.glue_7t)
 .glue_7t       0x000000000800669c        0x0 linker stubs
 *(.eh_frame)
 .eh_frame      0x000000000800669c        0x0 /home/nmt/Ac6/SystemWorkbench/plugins/fr.ac6.mcu.externaltools.arm-none.linux64_1.17.0.201812190825/tools/compiler/bin/../lib/gcc/arm-none-eabi/7.3.1/thumb/v7e-m/fpv4-sp/hard/crtbegin.o
 *(.init)
 .init          0x000000000800669c        0x4 /home/nmt/Ac6/SystemWorkbench/plugins/fr.ac6.mcu.externaltools.arm-none.linux64_1.17.0.201812190825/tools/compiler/bin/../lib/gcc/arm-none-eabi/7.3.1/thumb/v7e-m/fpv4-sp/hard/crti.o
                0x000000000800669c                _init
 .init          0x00000000080066a0        0x8 /home/nmt/Ac6/SystemWorkbench/plugins/fr.ac6.mcu.externaltools.arm-none.linux64_1.17.0.201812190825/tools/compiler/bin/../lib/gcc/arm-none-eabi/7.3.1/thumb/v7e-m/fpv4-sp/hard/crtn.o
 *(.fini)
 .fini          0x00000000080066a8        0x4 /home/nmt/Ac6/SystemWorkbench/plugins/fr.ac6.mcu.externaltools.arm-none.linux64_1.17.0.201812190825/tools/compiler/bin/../lib/gcc/arm-none-eabi/7.3.1/thumb/v7e-m/fpv4-sp/hard/crti.o
                0x00000000080066a8                _fini
 .fini          0x00000000080066ac        0x8 /home/nmt/Ac6/SystemWorkbench/plugins/fr.ac6.mcu.externaltools.arm-none.linux64_1.17.0.201812190825/tools/compiler/bin/../lib/gcc/arm-none-eabi/7.3.1/thumb/v7e-m/fpv4-sp/hard/crtn.o
                0x00000000080066b4                . = ALIGN (0x4)
                0x00000000080066b4                _etext = .

.vfp11_veneer   0x00000000080066b4        0x0
 .vfp11_veneer  0x00000000080066b4        0x0 linker stubs

.v4_bx          0x00000000080066b4        0x0
 .v4_bx         0x00000000080066b4        0x0 linker stubs

.iplt           0x00000000080066b4        0x0
 .iplt          0x00000000080066b4        0x0 /home/nmt/Ac6/SystemWorkbench/plugins/fr.ac6.mcu.externaltools.arm-none.linux64_1.17.0.201812190825/tools/compiler/bin/../lib/gcc/arm-none-eabi/7.3.1/thumb/v7e-m/fpv4-sp/hard/crtbegin.o

.rodata         0x00000000080066b8      0x2b0
                0x00000000080066b8                . = ALIGN (0x4)
 *(.rodata)
 .rodata        0x00000000080066b8        0x5 app/src/app.o
 *fill*         0x00000000080066bd        0x3 
 .rodata        0x00000000080066c0       0x1c drivers/src/i2c.o
                0x00000000080066c0                AHB_DIV_FACTORS
                0x00000000080066d4                APB1_DIV_FACTORS
 *(.rodata*)
 .rodata._global_impure_ptr
                0x00000000080066dc        0x4 /home/nmt/Ac6/SystemWorkbench/plugins/fr.ac6.mcu.externaltools.arm-none.linux64_1.17.0.201812190825/tools/compiler/bin/../lib/gcc/arm-none-eabi/7.3.1/../../../../arm-none-eabi/lib/thumb/v7e-m/fpv4-sp/hard/libc.a(lib_a-impure.o)
                0x00000000080066dc                _global_impure_ptr
 .rodata._svfprintf_r.str1.4
                0x00000000080066e0       0x42 /home/nmt/Ac6/SystemWorkbench/plugins/fr.ac6.mcu.externaltools.arm-none.linux64_1.17.0.201812190825/tools/compiler/bin/../lib/gcc/arm-none-eabi/7.3.1/../../../../arm-none-eabi/lib/thumb/v7e-m/fpv4-sp/hard/libc.a(lib_a-svfprintf.o)
 *fill*         0x0000000008006722        0x2 
 .rodata.blanks.8590
                0x0000000008006724       0x10 /home/nmt/Ac6/SystemWorkbench/plugins/fr.ac6.mcu.externaltools.arm-none.linux64_1.17.0.201812190825/tools/compiler/bin/../lib/gcc/arm-none-eabi/7.3.1/../../../../arm-none-eabi/lib/thumb/v7e-m/fpv4-sp/hard/libc.a(lib_a-svfprintf.o)
 .rodata.zeroes.8591
                0x0000000008006734       0x10 /home/nmt/Ac6/SystemWorkbench/plugins/fr.ac6.mcu.externaltools.arm-none.linux64_1.17.0.201812190825/tools/compiler/bin/../lib/gcc/arm-none-eabi/7.3.1/../../../../arm-none-eabi/lib/thumb/v7e-m/fpv4-sp/hard/libc.a(lib_a-svfprintf.o)
 .rodata._dtoa_r.str1.4
                0x0000000008006744       0x10 /home/nmt/Ac6/SystemWorkbench/plugins/fr.ac6.mcu.externaltools.arm-none.linux64_1.17.0.201812190825/tools/compiler/bin/../lib/gcc/arm-none-eabi/7.3.1/../../../../arm-none-eabi/lib/thumb/v7e-m/fpv4-sp/hard/libc.a(lib_a-dtoa.o)
                                         0x12 (size before relaxing)
 *fill*         0x0000000008006754        0x4 
 .rodata.__mprec_bigtens
                0x0000000008006758       0x28 /home/nmt/Ac6/SystemWorkbench/plugins/fr.ac6.mcu.externaltools.arm-none.linux64_1.17.0.201812190825/tools/compiler/bin/../lib/gcc/arm-none-eabi/7.3.1/../../../../arm-none-eabi/lib/thumb/v7e-m/fpv4-sp/hard/libc.a(lib_a-mprec.o)
                0x0000000008006758                __mprec_bigtens
 .rodata.__mprec_tens
                0x0000000008006780       0xc8 /home/nmt/Ac6/SystemWorkbench/plugins/fr.ac6.mcu.externaltools.arm-none.linux64_1.17.0.201812190825/tools/compiler/bin/../lib/gcc/arm-none-eabi/7.3.1/../../../../arm-none-eabi/lib/thumb/v7e-m/fpv4-sp/hard/libc.a(lib_a-mprec.o)
                0x0000000008006780                __mprec_tens
 .rodata.p05.7367
                0x0000000008006848        0xc /home/nmt/Ac6/SystemWorkbench/plugins/fr.ac6.mcu.externaltools.arm-none.linux64_1.17.0.201812190825/tools/compiler/bin/../lib/gcc/arm-none-eabi/7.3.1/../../../../arm-none-eabi/lib/thumb/v7e-m/fpv4-sp/hard/libc.a(lib_a-mprec.o)
 .rodata._setlocale_r.str1.4
                0x0000000008006854        0xa /home/nmt/Ac6/SystemWorkbench/plugins/fr.ac6.mcu.externaltools.arm-none.linux64_1.17.0.201812190825/tools/compiler/bin/../lib/gcc/arm-none-eabi/7.3.1/../../../../arm-none-eabi/lib/thumb/v7e-m/fpv4-sp/hard/libc.a(lib_a-locale.o)
                                          0xd (size before relaxing)
 *fill*         0x000000000800685e        0x2 
 .rodata.str1.4
                0x0000000008006860        0x4 /home/nmt/Ac6/SystemWorkbench/plugins/fr.ac6.mcu.externaltools.arm-none.linux64_1.17.0.201812190825/tools/compiler/bin/../lib/gcc/arm-none-eabi/7.3.1/../../../../arm-none-eabi/lib/thumb/v7e-m/fpv4-sp/hard/libc.a(lib_a-locale.o)
                                          0x2 (size before relaxing)
 .rodata._ctype_
                0x0000000008006864      0x101 /home/nmt/Ac6/SystemWorkbench/plugins/fr.ac6.mcu.externaltools.arm-none.linux64_1.17.0.201812190825/tools/compiler/bin/../lib/gcc/arm-none-eabi/7.3.1/../../../../arm-none-eabi/lib/thumb/v7e-m/fpv4-sp/hard/libc.a(lib_a-ctype_.o)
                0x0000000008006864                _ctype_
                0x0000000008006968                . = ALIGN (0x4)
 *fill*         0x0000000008006965        0x3 

.ARM.extab      0x0000000008006968        0x0
                0x0000000008006968                . = ALIGN (0x4)
 *(.ARM.extab* .gnu.linkonce.armextab.*)
                0x0000000008006968                . = ALIGN (0x4)

.ARM            0x0000000008006968        0x8
                0x0000000008006968                . = ALIGN (0x4)
                0x0000000008006968                __exidx_start = .
 *(.ARM.exidx*)
 .ARM.exidx     0x0000000008006968        0x8 /home/nmt/Ac6/SystemWorkbench/plugins/fr.ac6.mcu.externaltools.arm-none.linux64_1.17.0.201812190825/tools/compiler/bin/../lib/gcc/arm-none-eabi/7.3.1/thumb/v7e-m/fpv4-sp/hard/libgcc.a(_udivmoddi4.o)
                0x0000000008006970                __exidx_end = .
                0x0000000008006970                . = ALIGN (0x4)

.rel.dyn        0x0000000008006970        0x0
 .rel.iplt      0x0000000008006970        0x0 /home/nmt/Ac6/SystemWorkbench/plugins/fr.ac6.mcu.externaltools.arm-none.linux64_1.17.0.201812190825/tools/compiler/bin/../lib/gcc/arm-none-eabi/7.3.1/thumb/v7e-m/fpv4-sp/hard/crtbegin.o

.preinit_array  0x0000000008006970        0x0
                0x0000000008006970                . = ALIGN (0x4)
                0x0000000008006970                PROVIDE (__preinit_array_start = .)
 *(.preinit_array*)
                0x0000000008006970                PROVIDE (__preinit_array_end = .)
                0x0000000008006970                . = ALIGN (0x4)

.init_array     0x0000000008006970        0x8
                0x0000000008006970                . = ALIGN (0x4)
                0x0000000008006970                PROVIDE (__init_array_start = .)
 *(SORT_BY_NAME(.init_array.*))
 .init_array.00000
                0x0000000008006970        0x4 /home/nmt/Ac6/SystemWorkbench/plugins/fr.ac6.mcu.externaltools.arm-none.linux64_1.17.0.201812190825/tools/compiler/bin/../lib/gcc/arm-none-eabi/7.3.1/../../../../arm-none-eabi/lib/thumb/v7e-m/fpv4-sp/hard/libc.a(lib_a-__call_atexit.o)
 *(.init_array*)
 .init_array    0x0000000008006974        0x4 /home/nmt/Ac6/SystemWorkbench/plugins/fr.ac6.mcu.externaltools.arm-none.linux64_1.17.0.201812190825/tools/compiler/bin/../lib/gcc/arm-none-eabi/7.3.1/thumb/v7e-m/fpv4-sp/hard/crtbegin.o
                0x0000000008006978                PROVIDE (__init_array_end = .)
                0x0000000008006978                . = ALIGN (0x4)

.fini_array     0x0000000008006978        0x4
                0x0000000008006978                . = ALIGN (0x4)
                0x0000000008006978                PROVIDE (__fini_array_start = .)
 *(SORT_BY_NAME(.fini_array.*))
 *(.fini_array*)
 .fini_array    0x0000000008006978        0x4 /home/nmt/Ac6/SystemWorkbench/plugins/fr.ac6.mcu.externaltools.arm-none.linux64_1.17.0.201812190825/tools/compiler/bin/../lib/gcc/arm-none-eabi/7.3.1/thumb/v7e-m/fpv4-sp/hard/crtbegin.o
                0x000000000800697c                PROVIDE (__fini_array_end = .)
                0x000000000800697c                . = ALIGN (0x4)
                0x000000000800697c                _sidata = LOADADDR (.data)

.data           0x0000000020000000      0x9c8 load address 0x000000000800697c
                0x0000000020000000                . = ALIGN (0x4)
                0x0000000020000000                _sdata = .
 *(.data)
 .data          0x0000000020000000        0x2 app/src/app.o
 *fill*         0x0000000020000002        0x2 
 .data          0x0000000020000004       0x14 drivers/src/usart.o
 *(.data*)
 .data._impure_ptr
                0x0000000020000018        0x4 /home/nmt/Ac6/SystemWorkbench/plugins/fr.ac6.mcu.externaltools.arm-none.linux64_1.17.0.201812190825/tools/compiler/bin/../lib/gcc/arm-none-eabi/7.3.1/../../../../arm-none-eabi/lib/thumb/v7e-m/fpv4-sp/hard/libc.a(lib_a-impure.o)
                0x0000000020000018                _impure_ptr
 *fill*         0x000000002000001c        0x4 
 .data.impure_data
                0x0000000020000020      0x428 /home/nmt/Ac6/SystemWorkbench/plugins/fr.ac6.mcu.externaltools.arm-none.linux64_1.17.0.201812190825/tools/compiler/bin/../lib/gcc/arm-none-eabi/7.3.1/../../../../arm-none-eabi/lib/thumb/v7e-m/fpv4-sp/hard/libc.a(lib_a-impure.o)
 .data.__atexit_recursive_mutex
                0x0000000020000448        0x4 /home/nmt/Ac6/SystemWorkbench/plugins/fr.ac6.mcu.externaltools.arm-none.linux64_1.17.0.201812190825/tools/compiler/bin/../lib/gcc/arm-none-eabi/7.3.1/../../../../arm-none-eabi/lib/thumb/v7e-m/fpv4-sp/hard/libc.a(lib_a-__call_atexit.o)
                0x0000000020000448                __atexit_recursive_mutex
 .data.__malloc_av_
                0x000000002000044c      0x408 /home/nmt/Ac6/SystemWorkbench/plugins/fr.ac6.mcu.externaltools.arm-none.linux64_1.17.0.201812190825/tools/compiler/bin/../lib/gcc/arm-none-eabi/7.3.1/../../../../arm-none-eabi/lib/thumb/v7e-m/fpv4-sp/hard/libc.a(lib_a-mallocr.o)
                0x000000002000044c                __malloc_av_
 .data.__malloc_sbrk_base
                0x0000000020000854        0x4 /home/nmt/Ac6/SystemWorkbench/plugins/fr.ac6.mcu.externaltools.arm-none.linux64_1.17.0.201812190825/tools/compiler/bin/../lib/gcc/arm-none-eabi/7.3.1/../../../../arm-none-eabi/lib/thumb/v7e-m/fpv4-sp/hard/libc.a(lib_a-mallocr.o)
                0x0000000020000854                __malloc_sbrk_base
 .data.__malloc_trim_threshold
                0x0000000020000858        0x4 /home/nmt/Ac6/SystemWorkbench/plugins/fr.ac6.mcu.externaltools.arm-none.linux64_1.17.0.201812190825/tools/compiler/bin/../lib/gcc/arm-none-eabi/7.3.1/../../../../arm-none-eabi/lib/thumb/v7e-m/fpv4-sp/hard/libc.a(lib_a-mallocr.o)
                0x0000000020000858                __malloc_trim_threshold
 .data.__global_locale
                0x000000002000085c      0x16c /home/nmt/Ac6/SystemWorkbench/plugins/fr.ac6.mcu.externaltools.arm-none.linux64_1.17.0.201812190825/tools/compiler/bin/../lib/gcc/arm-none-eabi/7.3.1/../../../../arm-none-eabi/lib/thumb/v7e-m/fpv4-sp/hard/libc.a(lib_a-locale.o)
                0x000000002000085c                __global_locale
                0x00000000200009c8                . = ALIGN (0x4)
                0x00000000200009c8                _edata = .

.igot.plt       0x00000000200009c8        0x0 load address 0x0000000008007344
 .igot.plt      0x00000000200009c8        0x0 /home/nmt/Ac6/SystemWorkbench/plugins/fr.ac6.mcu.externaltools.arm-none.linux64_1.17.0.201812190825/tools/compiler/bin/../lib/gcc/arm-none-eabi/7.3.1/thumb/v7e-m/fpv4-sp/hard/crtbegin.o
                0x00000000200009c8                . = ALIGN (0x4)

.bss            0x00000000200009c8       0xf8 load address 0x0000000008007344
                0x00000000200009c8                _sbss = .
                0x00000000200009c8                __bss_start__ = _sbss
 *(.bss)
 .bss           0x00000000200009c8       0x1c /home/nmt/Ac6/SystemWorkbench/plugins/fr.ac6.mcu.externaltools.arm-none.linux64_1.17.0.201812190825/tools/compiler/bin/../lib/gcc/arm-none-eabi/7.3.1/thumb/v7e-m/fpv4-sp/hard/crtbegin.o
 .bss           0x00000000200009e4       0x7a app/src/app.o
 .bss           0x0000000020000a5e        0x2 src/main.o
                0x0000000020000a5e                interrupt_count
 .bss           0x0000000020000a60        0x4 startup/sysmem.o
 *(.bss*)
 .bss.__malloc_current_mallinfo
                0x0000000020000a64       0x28 /home/nmt/Ac6/SystemWorkbench/plugins/fr.ac6.mcu.externaltools.arm-none.linux64_1.17.0.201812190825/tools/compiler/bin/../lib/gcc/arm-none-eabi/7.3.1/../../../../arm-none-eabi/lib/thumb/v7e-m/fpv4-sp/hard/libc.a(lib_a-mallocr.o)
                0x0000000020000a64                __malloc_current_mallinfo
 .bss.__malloc_max_sbrked_mem
                0x0000000020000a8c        0x4 /home/nmt/Ac6/SystemWorkbench/plugins/fr.ac6.mcu.externaltools.arm-none.linux64_1.17.0.201812190825/tools/compiler/bin/../lib/gcc/arm-none-eabi/7.3.1/../../../../arm-none-eabi/lib/thumb/v7e-m/fpv4-sp/hard/libc.a(lib_a-mallocr.o)
                0x0000000020000a8c                __malloc_max_sbrked_mem
 .bss.__malloc_max_total_mem
                0x0000000020000a90        0x4 /home/nmt/Ac6/SystemWorkbench/plugins/fr.ac6.mcu.externaltools.arm-none.linux64_1.17.0.201812190825/tools/compiler/bin/../lib/gcc/arm-none-eabi/7.3.1/../../../../arm-none-eabi/lib/thumb/v7e-m/fpv4-sp/hard/libc.a(lib_a-mallocr.o)
                0x0000000020000a90                __malloc_max_total_mem
 .bss.__malloc_top_pad
                0x0000000020000a94        0x4 /home/nmt/Ac6/SystemWorkbench/plugins/fr.ac6.mcu.externaltools.arm-none.linux64_1.17.0.201812190825/tools/compiler/bin/../lib/gcc/arm-none-eabi/7.3.1/../../../../arm-none-eabi/lib/thumb/v7e-m/fpv4-sp/hard/libc.a(lib_a-mallocr.o)
                0x0000000020000a94                __malloc_top_pad
 *(COMMON)
 COMMON         0x0000000020000a98       0x21 /home/nmt/Ac6/SystemWorkbench/plugins/fr.ac6.mcu.externaltools.arm-none.linux64_1.17.0.201812190825/tools/compiler/bin/../lib/gcc/arm-none-eabi/7.3.1/../../../../arm-none-eabi/lib/thumb/v7e-m/fpv4-sp/hard/libc.a(lib_a-lock.o)
                0x0000000020000a98                __lock___atexit_recursive_mutex
                0x0000000020000a9c                __lock___arc4random_mutex
                0x0000000020000aa0                __lock___env_recursive_mutex
                0x0000000020000aa4                __lock___sinit_recursive_mutex
                0x0000000020000aa8                __lock___malloc_recursive_mutex
                0x0000000020000aac                __lock___at_quick_exit_mutex
                0x0000000020000ab0                __lock___dd_hash_mutex
                0x0000000020000ab4                __lock___tz_mutex
                0x0000000020000ab8                __lock___sfp_recursive_mutex
 *fill*         0x0000000020000ab9        0x3 
 COMMON         0x0000000020000abc        0x4 /home/nmt/Ac6/SystemWorkbench/plugins/fr.ac6.mcu.externaltools.arm-none.linux64_1.17.0.201812190825/tools/compiler/bin/../lib/gcc/arm-none-eabi/7.3.1/../../../../arm-none-eabi/lib/thumb/v7e-m/fpv4-sp/hard/libc.a(lib_a-reent.o)
                0x0000000020000abc                errno
                0x0000000020000ac0                . = ALIGN (0x4)
                0x0000000020000ac0                _ebss = .
                0x0000000020000ac0                __bss_end__ = _ebss

._user_heap_stack
                0x0000000020000ac0      0x400 load address 0x0000000008007344
                0x0000000020000ac0                . = ALIGN (0x8)
                0x0000000020000ac0                PROVIDE (end = .)
                [!provide]                        PROVIDE (_end = .)
                0x0000000020000ac0                . = (. + _Min_Heap_Size)
                0x0000000020000ec0                . = (. + _Min_Stack_Size)
 *fill*         0x0000000020000ac0      0x400 
                0x0000000020000ec0                . = ALIGN (0x8)

/DISCARD/
 libc.a(*)
 libm.a(*)
 libgcc.a(*)

.ARM.attributes
                0x0000000000000000       0x30
 *(.ARM.attributes)
 .ARM.attributes
                0x0000000000000000       0x22 /home/nmt/Ac6/SystemWorkbench/plugins/fr.ac6.mcu.externaltools.arm-none.linux64_1.17.0.201812190825/tools/compiler/bin/../lib/gcc/arm-none-eabi/7.3.1/thumb/v7e-m/fpv4-sp/hard/crti.o
 .ARM.attributes
                0x0000000000000022       0x34 /home/nmt/Ac6/SystemWorkbench/plugins/fr.ac6.mcu.externaltools.arm-none.linux64_1.17.0.201812190825/tools/compiler/bin/../lib/gcc/arm-none-eabi/7.3.1/thumb/v7e-m/fpv4-sp/hard/crtbegin.o
 .ARM.attributes
                0x0000000000000056       0x39 app/src/app.o
 .ARM.attributes
                0x000000000000008f       0x39 drivers/src/gp_timer.o
 .ARM.attributes
                0x00000000000000c8       0x39 drivers/src/gpio.o
 .ARM.attributes
                0x0000000000000101       0x39 drivers/src/i2c.o
 .ARM.attributes
                0x000000000000013a       0x39 drivers/src/usart.o
 .ARM.attributes
                0x0000000000000173       0x39 src/main.o
 .ARM.attributes
                0x00000000000001ac       0x21 startup/startup_stm32.o
 .ARM.attributes
                0x00000000000001cd       0x39 startup/sysmem.o
 .ARM.attributes
                0x0000000000000206       0x22 /home/nmt/Ac6/SystemWorkbench/plugins/fr.ac6.mcu.externaltools.arm-none.linux64_1.17.0.201812190825/tools/compiler/bin/../lib/gcc/arm-none-eabi/7.3.1/thumb/v7e-m/fpv4-sp/hard/libgcc.a(_arm_addsubdf3.o)
 .ARM.attributes
                0x0000000000000228       0x34 /home/nmt/Ac6/SystemWorkbench/plugins/fr.ac6.mcu.externaltools.arm-none.linux64_1.17.0.201812190825/tools/compiler/bin/../lib/gcc/arm-none-eabi/7.3.1/../../../../arm-none-eabi/lib/thumb/v7e-m/fpv4-sp/hard/libc.a(lib_a-errno.o)
 .ARM.attributes
                0x000000000000025c       0x34 /home/nmt/Ac6/SystemWorkbench/plugins/fr.ac6.mcu.externaltools.arm-none.linux64_1.17.0.201812190825/tools/compiler/bin/../lib/gcc/arm-none-eabi/7.3.1/../../../../arm-none-eabi/lib/thumb/v7e-m/fpv4-sp/hard/libc.a(lib_a-impure.o)
 .ARM.attributes
                0x0000000000000290       0x34 /home/nmt/Ac6/SystemWorkbench/plugins/fr.ac6.mcu.externaltools.arm-none.linux64_1.17.0.201812190825/tools/compiler/bin/../lib/gcc/arm-none-eabi/7.3.1/../../../../arm-none-eabi/lib/thumb/v7e-m/fpv4-sp/hard/libc.a(lib_a-init.o)
 .ARM.attributes
                0x00000000000002c4       0x34 /home/nmt/Ac6/SystemWorkbench/plugins/fr.ac6.mcu.externaltools.arm-none.linux64_1.17.0.201812190825/tools/compiler/bin/../lib/gcc/arm-none-eabi/7.3.1/../../../../arm-none-eabi/lib/thumb/v7e-m/fpv4-sp/hard/libc.a(lib_a-memset.o)
 .ARM.attributes
                0x00000000000002f8       0x34 /home/nmt/Ac6/SystemWorkbench/plugins/fr.ac6.mcu.externaltools.arm-none.linux64_1.17.0.201812190825/tools/compiler/bin/../lib/gcc/arm-none-eabi/7.3.1/../../../../arm-none-eabi/lib/thumb/v7e-m/fpv4-sp/hard/libc.a(lib_a-snprintf.o)
 .ARM.attributes
                0x000000000000032c       0x20 /home/nmt/Ac6/SystemWorkbench/plugins/fr.ac6.mcu.externaltools.arm-none.linux64_1.17.0.201812190825/tools/compiler/bin/../lib/gcc/arm-none-eabi/7.3.1/../../../../arm-none-eabi/lib/thumb/v7e-m/fpv4-sp/hard/libc.a(lib_a-strlen.o)
 .ARM.attributes
                0x000000000000034c       0x34 /home/nmt/Ac6/SystemWorkbench/plugins/fr.ac6.mcu.externaltools.arm-none.linux64_1.17.0.201812190825/tools/compiler/bin/../lib/gcc/arm-none-eabi/7.3.1/../../../../arm-none-eabi/lib/thumb/v7e-m/fpv4-sp/hard/libc.a(lib_a-svfprintf.o)
 .ARM.attributes
                0x0000000000000380       0x34 /home/nmt/Ac6/SystemWorkbench/plugins/fr.ac6.mcu.externaltools.arm-none.linux64_1.17.0.201812190825/tools/compiler/bin/../lib/gcc/arm-none-eabi/7.3.1/../../../../arm-none-eabi/lib/thumb/v7e-m/fpv4-sp/hard/libc.a(lib_a-__call_atexit.o)
 .ARM.attributes
                0x00000000000003b4       0x34 /home/nmt/Ac6/SystemWorkbench/plugins/fr.ac6.mcu.externaltools.arm-none.linux64_1.17.0.201812190825/tools/compiler/bin/../lib/gcc/arm-none-eabi/7.3.1/../../../../arm-none-eabi/lib/thumb/v7e-m/fpv4-sp/hard/libc.a(lib_a-atexit.o)
 .ARM.attributes
                0x00000000000003e8       0x34 /home/nmt/Ac6/SystemWorkbench/plugins/fr.ac6.mcu.externaltools.arm-none.linux64_1.17.0.201812190825/tools/compiler/bin/../lib/gcc/arm-none-eabi/7.3.1/../../../../arm-none-eabi/lib/thumb/v7e-m/fpv4-sp/hard/libc.a(lib_a-dtoa.o)
 .ARM.attributes
                0x000000000000041c       0x34 /home/nmt/Ac6/SystemWorkbench/plugins/fr.ac6.mcu.externaltools.arm-none.linux64_1.17.0.201812190825/tools/compiler/bin/../lib/gcc/arm-none-eabi/7.3.1/../../../../arm-none-eabi/lib/thumb/v7e-m/fpv4-sp/hard/libc.a(lib_a-fini.o)
 .ARM.attributes
                0x0000000000000450       0x34 /home/nmt/Ac6/SystemWorkbench/plugins/fr.ac6.mcu.externaltools.arm-none.linux64_1.17.0.201812190825/tools/compiler/bin/../lib/gcc/arm-none-eabi/7.3.1/../../../../arm-none-eabi/lib/thumb/v7e-m/fpv4-sp/hard/libc.a(lib_a-freer.o)
 .ARM.attributes
                0x0000000000000484       0x34 /home/nmt/Ac6/SystemWorkbench/plugins/fr.ac6.mcu.externaltools.arm-none.linux64_1.17.0.201812190825/tools/compiler/bin/../lib/gcc/arm-none-eabi/7.3.1/../../../../arm-none-eabi/lib/thumb/v7e-m/fpv4-sp/hard/libc.a(lib_a-localeconv.o)
 .ARM.attributes
                0x00000000000004b8       0x34 /home/nmt/Ac6/SystemWorkbench/plugins/fr.ac6.mcu.externaltools.arm-none.linux64_1.17.0.201812190825/tools/compiler/bin/../lib/gcc/arm-none-eabi/7.3.1/../../../../arm-none-eabi/lib/thumb/v7e-m/fpv4-sp/hard/libc.a(lib_a-lock.o)
 .ARM.attributes
                0x00000000000004ec       0x34 /home/nmt/Ac6/SystemWorkbench/plugins/fr.ac6.mcu.externaltools.arm-none.linux64_1.17.0.201812190825/tools/compiler/bin/../lib/gcc/arm-none-eabi/7.3.1/../../../../arm-none-eabi/lib/thumb/v7e-m/fpv4-sp/hard/libc.a(lib_a-mallocr.o)
 .ARM.attributes
                0x0000000000000520       0x20 /home/nmt/Ac6/SystemWorkbench/plugins/fr.ac6.mcu.externaltools.arm-none.linux64_1.17.0.201812190825/tools/compiler/bin/../lib/gcc/arm-none-eabi/7.3.1/../../../../arm-none-eabi/lib/thumb/v7e-m/fpv4-sp/hard/libc.a(lib_a-memchr.o)
 .ARM.attributes
                0x0000000000000540       0x20 /home/nmt/Ac6/SystemWorkbench/plugins/fr.ac6.mcu.externaltools.arm-none.linux64_1.17.0.201812190825/tools/compiler/bin/../lib/gcc/arm-none-eabi/7.3.1/../../../../arm-none-eabi/lib/thumb/v7e-m/fpv4-sp/hard/libc.a(lib_a-memcpy.o)
 .ARM.attributes
                0x0000000000000560       0x34 /home/nmt/Ac6/SystemWorkbench/plugins/fr.ac6.mcu.externaltools.arm-none.linux64_1.17.0.201812190825/tools/compiler/bin/../lib/gcc/arm-none-eabi/7.3.1/../../../../arm-none-eabi/lib/thumb/v7e-m/fpv4-sp/hard/libc.a(lib_a-mlock.o)
 .ARM.attributes
                0x0000000000000594       0x34 /home/nmt/Ac6/SystemWorkbench/plugins/fr.ac6.mcu.externaltools.arm-none.linux64_1.17.0.201812190825/tools/compiler/bin/../lib/gcc/arm-none-eabi/7.3.1/../../../../arm-none-eabi/lib/thumb/v7e-m/fpv4-sp/hard/libc.a(lib_a-mprec.o)
 .ARM.attributes
                0x00000000000005c8       0x34 /home/nmt/Ac6/SystemWorkbench/plugins/fr.ac6.mcu.externaltools.arm-none.linux64_1.17.0.201812190825/tools/compiler/bin/../lib/gcc/arm-none-eabi/7.3.1/../../../../arm-none-eabi/lib/thumb/v7e-m/fpv4-sp/hard/libc.a(lib_a-s_frexp.o)
 .ARM.attributes
                0x00000000000005fc       0x34 /home/nmt/Ac6/SystemWorkbench/plugins/fr.ac6.mcu.externaltools.arm-none.linux64_1.17.0.201812190825/tools/compiler/bin/../lib/gcc/arm-none-eabi/7.3.1/../../../../arm-none-eabi/lib/thumb/v7e-m/fpv4-sp/hard/libc.a(lib_a-sbrkr.o)
 .ARM.attributes
                0x0000000000000630       0x34 /home/nmt/Ac6/SystemWorkbench/plugins/fr.ac6.mcu.externaltools.arm-none.linux64_1.17.0.201812190825/tools/compiler/bin/../lib/gcc/arm-none-eabi/7.3.1/../../../../arm-none-eabi/lib/thumb/v7e-m/fpv4-sp/hard/libc.a(lib_a-strncpy.o)
 .ARM.attributes
                0x0000000000000664       0x34 /home/nmt/Ac6/SystemWorkbench/plugins/fr.ac6.mcu.externaltools.arm-none.linux64_1.17.0.201812190825/tools/compiler/bin/../lib/gcc/arm-none-eabi/7.3.1/../../../../arm-none-eabi/lib/thumb/v7e-m/fpv4-sp/hard/libc.a(lib_a-svfiprintf.o)
 .ARM.attributes
                0x0000000000000698       0x34 /home/nmt/Ac6/SystemWorkbench/plugins/fr.ac6.mcu.externaltools.arm-none.linux64_1.17.0.201812190825/tools/compiler/bin/../lib/gcc/arm-none-eabi/7.3.1/../../../../arm-none-eabi/lib/thumb/v7e-m/fpv4-sp/hard/libc.a(lib_a-__atexit.o)
 .ARM.attributes
                0x00000000000006cc       0x34 /home/nmt/Ac6/SystemWorkbench/plugins/fr.ac6.mcu.externaltools.arm-none.linux64_1.17.0.201812190825/tools/compiler/bin/../lib/gcc/arm-none-eabi/7.3.1/../../../../arm-none-eabi/lib/thumb/v7e-m/fpv4-sp/hard/libc.a(lib_a-callocr.o)
 .ARM.attributes
                0x0000000000000700       0x34 /home/nmt/Ac6/SystemWorkbench/plugins/fr.ac6.mcu.externaltools.arm-none.linux64_1.17.0.201812190825/tools/compiler/bin/../lib/gcc/arm-none-eabi/7.3.1/../../../../arm-none-eabi/lib/thumb/v7e-m/fpv4-sp/hard/libc.a(lib_a-locale.o)
 .ARM.attributes
                0x0000000000000734       0x34 /home/nmt/Ac6/SystemWorkbench/plugins/fr.ac6.mcu.externaltools.arm-none.linux64_1.17.0.201812190825/tools/compiler/bin/../lib/gcc/arm-none-eabi/7.3.1/../../../../arm-none-eabi/lib/thumb/v7e-m/fpv4-sp/hard/libc.a(lib_a-mbtowc_r.o)
 .ARM.attributes
                0x0000000000000768       0x34 /home/nmt/Ac6/SystemWorkbench/plugins/fr.ac6.mcu.externaltools.arm-none.linux64_1.17.0.201812190825/tools/compiler/bin/../lib/gcc/arm-none-eabi/7.3.1/../../../../arm-none-eabi/lib/thumb/v7e-m/fpv4-sp/hard/libc.a(lib_a-memmove.o)
 .ARM.attributes
                0x000000000000079c       0x34 /home/nmt/Ac6/SystemWorkbench/plugins/fr.ac6.mcu.externaltools.arm-none.linux64_1.17.0.201812190825/tools/compiler/bin/../lib/gcc/arm-none-eabi/7.3.1/../../../../arm-none-eabi/lib/thumb/v7e-m/fpv4-sp/hard/libc.a(lib_a-reallocr.o)
 .ARM.attributes
                0x00000000000007d0       0x34 /home/nmt/Ac6/SystemWorkbench/plugins/fr.ac6.mcu.externaltools.arm-none.linux64_1.17.0.201812190825/tools/compiler/bin/../lib/gcc/arm-none-eabi/7.3.1/../../../../arm-none-eabi/lib/thumb/v7e-m/fpv4-sp/hard/libc.a(lib_a-reent.o)
 .ARM.attributes
                0x0000000000000804       0x34 /home/nmt/Ac6/SystemWorkbench/plugins/fr.ac6.mcu.externaltools.arm-none.linux64_1.17.0.201812190825/tools/compiler/bin/../lib/gcc/arm-none-eabi/7.3.1/../../../../arm-none-eabi/lib/thumb/v7e-m/fpv4-sp/hard/libc.a(lib_a-wctomb_r.o)
 .ARM.attributes
                0x0000000000000838       0x34 /home/nmt/Ac6/SystemWorkbench/plugins/fr.ac6.mcu.externaltools.arm-none.linux64_1.17.0.201812190825/tools/compiler/bin/../lib/gcc/arm-none-eabi/7.3.1/../../../../arm-none-eabi/lib/thumb/v7e-m/fpv4-sp/hard/libc.a(lib_a-ctype_.o)
 .ARM.attributes
                0x000000000000086c       0x22 /home/nmt/Ac6/SystemWorkbench/plugins/fr.ac6.mcu.externaltools.arm-none.linux64_1.17.0.201812190825/tools/compiler/bin/../lib/gcc/arm-none-eabi/7.3.1/thumb/v7e-m/fpv4-sp/hard/libgcc.a(_arm_muldivdf3.o)
 .ARM.attributes
                0x000000000000088e       0x22 /home/nmt/Ac6/SystemWorkbench/plugins/fr.ac6.mcu.externaltools.arm-none.linux64_1.17.0.201812190825/tools/compiler/bin/../lib/gcc/arm-none-eabi/7.3.1/thumb/v7e-m/fpv4-sp/hard/libgcc.a(_arm_cmpdf2.o)
 .ARM.attributes
                0x00000000000008b0       0x22 /home/nmt/Ac6/SystemWorkbench/plugins/fr.ac6.mcu.externaltools.arm-none.linux64_1.17.0.201812190825/tools/compiler/bin/../lib/gcc/arm-none-eabi/7.3.1/thumb/v7e-m/fpv4-sp/hard/libgcc.a(_arm_unorddf2.o)
 .ARM.attributes
                0x00000000000008d2       0x22 /home/nmt/Ac6/SystemWorkbench/plugins/fr.ac6.mcu.externaltools.arm-none.linux64_1.17.0.201812190825/tools/compiler/bin/../lib/gcc/arm-none-eabi/7.3.1/thumb/v7e-m/fpv4-sp/hard/libgcc.a(_arm_fixdfsi.o)
 .ARM.attributes
                0x00000000000008f4       0x22 /home/nmt/Ac6/SystemWorkbench/plugins/fr.ac6.mcu.externaltools.arm-none.linux64_1.17.0.201812190825/tools/compiler/bin/../lib/gcc/arm-none-eabi/7.3.1/thumb/v7e-m/fpv4-sp/hard/libgcc.a(_aeabi_uldivmod.o)
 .ARM.attributes
                0x0000000000000916       0x34 /home/nmt/Ac6/SystemWorkbench/plugins/fr.ac6.mcu.externaltools.arm-none.linux64_1.17.0.201812190825/tools/compiler/bin/../lib/gcc/arm-none-eabi/7.3.1/thumb/v7e-m/fpv4-sp/hard/libgcc.a(_udivmoddi4.o)
 .ARM.attributes
                0x000000000000094a       0x22 /home/nmt/Ac6/SystemWorkbench/plugins/fr.ac6.mcu.externaltools.arm-none.linux64_1.17.0.201812190825/tools/compiler/bin/../lib/gcc/arm-none-eabi/7.3.1/thumb/v7e-m/fpv4-sp/hard/libgcc.a(_dvmd_tls.o)
 .ARM.attributes
                0x000000000000096c       0x22 /home/nmt/Ac6/SystemWorkbench/plugins/fr.ac6.mcu.externaltools.arm-none.linux64_1.17.0.201812190825/tools/compiler/bin/../lib/gcc/arm-none-eabi/7.3.1/thumb/v7e-m/fpv4-sp/hard/crtn.o
OUTPUT(CoFeM_MK_1.elf elf32-littlearm)

.debug_info     0x0000000000000000     0x5116
 .debug_info    0x0000000000000000     0x1306 app/src/app.o
 .debug_info    0x0000000000001306      0xe30 drivers/src/gp_timer.o
 .debug_info    0x0000000000002136      0xf58 drivers/src/gpio.o
 .debug_info    0x000000000000308e      0x71b drivers/src/i2c.o
 .debug_info    0x00000000000037a9      0x639 drivers/src/usart.o
 .debug_info    0x0000000000003de2      0x9e6 src/main.o
 .debug_info    0x00000000000047c8       0x22 startup/startup_stm32.o
 .debug_info    0x00000000000047ea      0x92c startup/sysmem.o

.debug_abbrev   0x0000000000000000      0xe4e
 .debug_abbrev  0x0000000000000000      0x296 app/src/app.o
 .debug_abbrev  0x0000000000000296      0x27e drivers/src/gp_timer.o
 .debug_abbrev  0x0000000000000514      0x251 drivers/src/gpio.o
 .debug_abbrev  0x0000000000000765      0x1ab drivers/src/i2c.o
 .debug_abbrev  0x0000000000000910      0x134 drivers/src/usart.o
 .debug_abbrev  0x0000000000000a44      0x207 src/main.o
 .debug_abbrev  0x0000000000000c4b       0x12 startup/startup_stm32.o
 .debug_abbrev  0x0000000000000c5d      0x1f1 startup/sysmem.o

.debug_aranges  0x0000000000000000      0x280
 .debug_aranges
                0x0000000000000000       0x70 app/src/app.o
 .debug_aranges
                0x0000000000000070       0x50 drivers/src/gp_timer.o
 .debug_aranges
                0x00000000000000c0       0x78 drivers/src/gpio.o
 .debug_aranges
                0x0000000000000138       0x80 drivers/src/i2c.o
 .debug_aranges
                0x00000000000001b8       0x58 drivers/src/usart.o
 .debug_aranges
                0x0000000000000210       0x28 src/main.o
 .debug_aranges
                0x0000000000000238       0x28 startup/startup_stm32.o
 .debug_aranges
                0x0000000000000260       0x20 startup/sysmem.o

.debug_ranges   0x0000000000000000      0x208
 .debug_ranges  0x0000000000000000       0x60 app/src/app.o
 .debug_ranges  0x0000000000000060       0x40 drivers/src/gp_timer.o
 .debug_ranges  0x00000000000000a0       0x68 drivers/src/gpio.o
 .debug_ranges  0x0000000000000108       0x70 drivers/src/i2c.o
 .debug_ranges  0x0000000000000178       0x48 drivers/src/usart.o
 .debug_ranges  0x00000000000001c0       0x18 src/main.o
 .debug_ranges  0x00000000000001d8       0x20 startup/startup_stm32.o
 .debug_ranges  0x00000000000001f8       0x10 startup/sysmem.o

.debug_macro    0x0000000000000000     0x37e1
 .debug_macro   0x0000000000000000      0x269 app/src/app.o
 .debug_macro   0x0000000000000269      0xa66 app/src/app.o
 .debug_macro   0x0000000000000ccf       0x22 app/src/app.o
 .debug_macro   0x0000000000000cf1       0x58 app/src/app.o
 .debug_macro   0x0000000000000d49       0x18 app/src/app.o
 .debug_macro   0x0000000000000d61       0x94 app/src/app.o
 .debug_macro   0x0000000000000df5       0x35 app/src/app.o
 .debug_macro   0x0000000000000e2a       0x34 app/src/app.o
 .debug_macro   0x0000000000000e5e       0x16 app/src/app.o
 .debug_macro   0x0000000000000e74       0x57 app/src/app.o
 .debug_macro   0x0000000000000ecb       0x97 app/src/app.o
 .debug_macro   0x0000000000000f62      0x330 app/src/app.o
 .debug_macro   0x0000000000001292       0xfd app/src/app.o
 .debug_macro   0x000000000000138f       0x10 app/src/app.o
 .debug_macro   0x000000000000139f       0x58 app/src/app.o
 .debug_macro   0x00000000000013f7       0x1f app/src/app.o
 .debug_macro   0x0000000000001416       0x43 app/src/app.o
 .debug_macro   0x0000000000001459       0x20 app/src/app.o
 .debug_macro   0x0000000000001479      0x18e app/src/app.o
 .debug_macro   0x0000000000001607       0x10 app/src/app.o
 .debug_macro   0x0000000000001617       0x6a app/src/app.o
 .debug_macro   0x0000000000001681       0x1c app/src/app.o
 .debug_macro   0x000000000000169d       0x52 app/src/app.o
 .debug_macro   0x00000000000016ef       0x40 app/src/app.o
 .debug_macro   0x000000000000172f       0x10 app/src/app.o
 .debug_macro   0x000000000000173f       0x40 app/src/app.o
 .debug_macro   0x000000000000177f       0xd7 app/src/app.o
 .debug_macro   0x0000000000001856       0x1c app/src/app.o
 .debug_macro   0x0000000000001872       0x3d app/src/app.o
 .debug_macro   0x00000000000018af       0x16 app/src/app.o
 .debug_macro   0x00000000000018c5      0x16f app/src/app.o
 .debug_macro   0x0000000000001a34       0x16 app/src/app.o
 .debug_macro   0x0000000000001a4a       0x35 app/src/app.o
 .debug_macro   0x0000000000001a7f       0xef app/src/app.o
 .debug_macro   0x0000000000001b6e      0x1df app/src/app.o
 .debug_macro   0x0000000000001d4d      0x73b app/src/app.o
 .debug_macro   0x0000000000002488       0xc4 app/src/app.o
 .debug_macro   0x000000000000254c      0x10c app/src/app.o
 .debug_macro   0x0000000000002658       0xa0 app/src/app.o
 .debug_macro   0x00000000000026f8       0x16 app/src/app.o
 .debug_macro   0x000000000000270e       0x16 app/src/app.o
 .debug_macro   0x0000000000002724       0x29 app/src/app.o
 .debug_macro   0x000000000000274d       0x2e app/src/app.o
 .debug_macro   0x000000000000277b       0x34 app/src/app.o
 .debug_macro   0x00000000000027af      0x16e drivers/src/gp_timer.o
 .debug_macro   0x000000000000291d      0x10e drivers/src/gp_timer.o
 .debug_macro   0x0000000000002a2b       0x8d drivers/src/gp_timer.o
 .debug_macro   0x0000000000002ab8      0x146 drivers/src/gpio.o
 .debug_macro   0x0000000000002bfe       0x8e drivers/src/gpio.o
 .debug_macro   0x0000000000002c8c       0x51 drivers/src/gpio.o
 .debug_macro   0x0000000000002cdd       0x5e drivers/src/gpio.o
 .debug_macro   0x0000000000002d3b      0x174 drivers/src/gpio.o
 .debug_macro   0x0000000000002eaf       0x10 drivers/src/gpio.o
 .debug_macro   0x0000000000002ebf       0x8a drivers/src/i2c.o
 .debug_macro   0x0000000000002f49       0x9a drivers/src/i2c.o
 .debug_macro   0x0000000000002fe3       0x8a drivers/src/usart.o
 .debug_macro   0x000000000000306d      0x106 drivers/src/usart.o
 .debug_macro   0x0000000000003173      0x275 src/main.o
 .debug_macro   0x00000000000033e8      0x1ae startup/sysmem.o
 .debug_macro   0x0000000000003596       0x10 startup/sysmem.o
 .debug_macro   0x00000000000035a6      0x23b startup/sysmem.o

.debug_line     0x0000000000000000     0x237d
 .debug_line    0x0000000000000000      0x610 app/src/app.o
 .debug_line    0x0000000000000610      0x4cd drivers/src/gp_timer.o
 .debug_line    0x0000000000000add      0x5bb drivers/src/gpio.o
 .debug_line    0x0000000000001098      0x4ec drivers/src/i2c.o
 .debug_line    0x0000000000001584      0x442 drivers/src/usart.o
 .debug_line    0x00000000000019c6      0x531 src/main.o
 .debug_line    0x0000000000001ef7       0x7c startup/startup_stm32.o
 .debug_line    0x0000000000001f73      0x40a startup/sysmem.o

.debug_str      0x0000000000000000     0xb7c1
 .debug_str     0x0000000000000000     0xadac app/src/app.o
                                       0xb04a (size before relaxing)
 .debug_str     0x000000000000adac       0xab drivers/src/gp_timer.o
                                       0x8fc3 (size before relaxing)
 .debug_str     0x000000000000ae57      0x189 drivers/src/gpio.o
                                       0x9110 (size before relaxing)
 .debug_str     0x000000000000afe0      0x169 drivers/src/i2c.o
                                       0x650f (size before relaxing)
 .debug_str     0x000000000000b149      0x12e drivers/src/usart.o
                                       0x6640 (size before relaxing)
 .debug_str     0x000000000000b277       0x64 src/main.o
                                       0xaa62 (size before relaxing)
 .debug_str     0x000000000000b2db       0x29 startup/startup_stm32.o
                                         0x58 (size before relaxing)
 .debug_str     0x000000000000b304      0x4bd startup/sysmem.o
                                       0x77b3 (size before relaxing)

.comment        0x0000000000000000       0x7f
 .comment       0x0000000000000000       0x7f app/src/app.o
                                         0x80 (size before relaxing)
 .comment       0x000000000000007f       0x80 drivers/src/gp_timer.o
 .comment       0x000000000000007f       0x80 drivers/src/gpio.o
 .comment       0x000000000000007f       0x80 drivers/src/i2c.o
 .comment       0x000000000000007f       0x80 drivers/src/usart.o
 .comment       0x000000000000007f       0x80 src/main.o
 .comment       0x000000000000007f       0x80 startup/sysmem.o

.debug_frame    0x0000000000000000     0x14f8
 .debug_frame   0x0000000000000000      0x184 app/src/app.o
 .debug_frame   0x0000000000000184      0x11c drivers/src/gp_timer.o
 .debug_frame   0x00000000000002a0      0x1f0 drivers/src/gpio.o
 .debug_frame   0x0000000000000490      0x20c drivers/src/i2c.o
 .debug_frame   0x000000000000069c      0x144 drivers/src/usart.o
 .debug_frame   0x00000000000007e0       0x48 src/main.o
 .debug_frame   0x0000000000000828       0x34 startup/sysmem.o
 .debug_frame   0x000000000000085c       0xac /home/nmt/Ac6/SystemWorkbench/plugins/fr.ac6.mcu.externaltools.arm-none.linux64_1.17.0.201812190825/tools/compiler/bin/../lib/gcc/arm-none-eabi/7.3.1/thumb/v7e-m/fpv4-sp/hard/libgcc.a(_arm_addsubdf3.o)
 .debug_frame   0x0000000000000908       0x20 /home/nmt/Ac6/SystemWorkbench/plugins/fr.ac6.mcu.externaltools.arm-none.linux64_1.17.0.201812190825/tools/compiler/bin/../lib/gcc/arm-none-eabi/7.3.1/../../../../arm-none-eabi/lib/thumb/v7e-m/fpv4-sp/hard/libc.a(lib_a-errno.o)
 .debug_frame   0x0000000000000928       0x2c /home/nmt/Ac6/SystemWorkbench/plugins/fr.ac6.mcu.externaltools.arm-none.linux64_1.17.0.201812190825/tools/compiler/bin/../lib/gcc/arm-none-eabi/7.3.1/../../../../arm-none-eabi/lib/thumb/v7e-m/fpv4-sp/hard/libc.a(lib_a-init.o)
 .debug_frame   0x0000000000000954       0x38 /home/nmt/Ac6/SystemWorkbench/plugins/fr.ac6.mcu.externaltools.arm-none.linux64_1.17.0.201812190825/tools/compiler/bin/../lib/gcc/arm-none-eabi/7.3.1/../../../../arm-none-eabi/lib/thumb/v7e-m/fpv4-sp/hard/libc.a(lib_a-memset.o)
 .debug_frame   0x000000000000098c       0x9c /home/nmt/Ac6/SystemWorkbench/plugins/fr.ac6.mcu.externaltools.arm-none.linux64_1.17.0.201812190825/tools/compiler/bin/../lib/gcc/arm-none-eabi/7.3.1/../../../../arm-none-eabi/lib/thumb/v7e-m/fpv4-sp/hard/libc.a(lib_a-snprintf.o)
 .debug_frame   0x0000000000000a28       0x40 /home/nmt/Ac6/SystemWorkbench/plugins/fr.ac6.mcu.externaltools.arm-none.linux64_1.17.0.201812190825/tools/compiler/bin/../lib/gcc/arm-none-eabi/7.3.1/../../../../arm-none-eabi/lib/thumb/v7e-m/fpv4-sp/hard/libc.a(lib_a-svfprintf.o)
 .debug_frame   0x0000000000000a68       0x5c /home/nmt/Ac6/SystemWorkbench/plugins/fr.ac6.mcu.externaltools.arm-none.linux64_1.17.0.201812190825/tools/compiler/bin/../lib/gcc/arm-none-eabi/7.3.1/../../../../arm-none-eabi/lib/thumb/v7e-m/fpv4-sp/hard/libc.a(lib_a-__call_atexit.o)
 .debug_frame   0x0000000000000ac4       0x20 /home/nmt/Ac6/SystemWorkbench/plugins/fr.ac6.mcu.externaltools.arm-none.linux64_1.17.0.201812190825/tools/compiler/bin/../lib/gcc/arm-none-eabi/7.3.1/../../../../arm-none-eabi/lib/thumb/v7e-m/fpv4-sp/hard/libc.a(lib_a-atexit.o)
 .debug_frame   0x0000000000000ae4       0x88 /home/nmt/Ac6/SystemWorkbench/plugins/fr.ac6.mcu.externaltools.arm-none.linux64_1.17.0.201812190825/tools/compiler/bin/../lib/gcc/arm-none-eabi/7.3.1/../../../../arm-none-eabi/lib/thumb/v7e-m/fpv4-sp/hard/libc.a(lib_a-dtoa.o)
 .debug_frame   0x0000000000000b6c       0x34 /home/nmt/Ac6/SystemWorkbench/plugins/fr.ac6.mcu.externaltools.arm-none.linux64_1.17.0.201812190825/tools/compiler/bin/../lib/gcc/arm-none-eabi/7.3.1/../../../../arm-none-eabi/lib/thumb/v7e-m/fpv4-sp/hard/libc.a(lib_a-fini.o)
 .debug_frame   0x0000000000000ba0       0x80 /home/nmt/Ac6/SystemWorkbench/plugins/fr.ac6.mcu.externaltools.arm-none.linux64_1.17.0.201812190825/tools/compiler/bin/../lib/gcc/arm-none-eabi/7.3.1/../../../../arm-none-eabi/lib/thumb/v7e-m/fpv4-sp/hard/libc.a(lib_a-freer.o)
 .debug_frame   0x0000000000000c20       0x40 /home/nmt/Ac6/SystemWorkbench/plugins/fr.ac6.mcu.externaltools.arm-none.linux64_1.17.0.201812190825/tools/compiler/bin/../lib/gcc/arm-none-eabi/7.3.1/../../../../arm-none-eabi/lib/thumb/v7e-m/fpv4-sp/hard/libc.a(lib_a-localeconv.o)
 .debug_frame   0x0000000000000c60       0xb0 /home/nmt/Ac6/SystemWorkbench/plugins/fr.ac6.mcu.externaltools.arm-none.linux64_1.17.0.201812190825/tools/compiler/bin/../lib/gcc/arm-none-eabi/7.3.1/../../../../arm-none-eabi/lib/thumb/v7e-m/fpv4-sp/hard/libc.a(lib_a-lock.o)
 .debug_frame   0x0000000000000d10       0x54 /home/nmt/Ac6/SystemWorkbench/plugins/fr.ac6.mcu.externaltools.arm-none.linux64_1.17.0.201812190825/tools/compiler/bin/../lib/gcc/arm-none-eabi/7.3.1/../../../../arm-none-eabi/lib/thumb/v7e-m/fpv4-sp/hard/libc.a(lib_a-mallocr.o)
 .debug_frame   0x0000000000000d64       0x30 /home/nmt/Ac6/SystemWorkbench/plugins/fr.ac6.mcu.externaltools.arm-none.linux64_1.17.0.201812190825/tools/compiler/bin/../lib/gcc/arm-none-eabi/7.3.1/../../../../arm-none-eabi/lib/thumb/v7e-m/fpv4-sp/hard/libc.a(lib_a-mlock.o)
 .debug_frame   0x0000000000000d94      0x25c /home/nmt/Ac6/SystemWorkbench/plugins/fr.ac6.mcu.externaltools.arm-none.linux64_1.17.0.201812190825/tools/compiler/bin/../lib/gcc/arm-none-eabi/7.3.1/../../../../arm-none-eabi/lib/thumb/v7e-m/fpv4-sp/hard/libc.a(lib_a-mprec.o)
 .debug_frame   0x0000000000000ff0       0x2c /home/nmt/Ac6/SystemWorkbench/plugins/fr.ac6.mcu.externaltools.arm-none.linux64_1.17.0.201812190825/tools/compiler/bin/../lib/gcc/arm-none-eabi/7.3.1/../../../../arm-none-eabi/lib/thumb/v7e-m/fpv4-sp/hard/libc.a(lib_a-s_frexp.o)
 .debug_frame   0x000000000000101c       0x2c /home/nmt/Ac6/SystemWorkbench/plugins/fr.ac6.mcu.externaltools.arm-none.linux64_1.17.0.201812190825/tools/compiler/bin/../lib/gcc/arm-none-eabi/7.3.1/../../../../arm-none-eabi/lib/thumb/v7e-m/fpv4-sp/hard/libc.a(lib_a-sbrkr.o)
 .debug_frame   0x0000000000001048       0x34 /home/nmt/Ac6/SystemWorkbench/plugins/fr.ac6.mcu.externaltools.arm-none.linux64_1.17.0.201812190825/tools/compiler/bin/../lib/gcc/arm-none-eabi/7.3.1/../../../../arm-none-eabi/lib/thumb/v7e-m/fpv4-sp/hard/libc.a(lib_a-strncpy.o)
 .debug_frame   0x000000000000107c       0x74 /home/nmt/Ac6/SystemWorkbench/plugins/fr.ac6.mcu.externaltools.arm-none.linux64_1.17.0.201812190825/tools/compiler/bin/../lib/gcc/arm-none-eabi/7.3.1/../../../../arm-none-eabi/lib/thumb/v7e-m/fpv4-sp/hard/libc.a(lib_a-svfiprintf.o)
 .debug_frame   0x00000000000010f0       0x34 /home/nmt/Ac6/SystemWorkbench/plugins/fr.ac6.mcu.externaltools.arm-none.linux64_1.17.0.201812190825/tools/compiler/bin/../lib/gcc/arm-none-eabi/7.3.1/../../../../arm-none-eabi/lib/thumb/v7e-m/fpv4-sp/hard/libc.a(lib_a-__atexit.o)
 .debug_frame   0x0000000000001124       0x28 /home/nmt/Ac6/SystemWorkbench/plugins/fr.ac6.mcu.externaltools.arm-none.linux64_1.17.0.201812190825/tools/compiler/bin/../lib/gcc/arm-none-eabi/7.3.1/../../../../arm-none-eabi/lib/thumb/v7e-m/fpv4-sp/hard/libc.a(lib_a-callocr.o)
 .debug_frame   0x000000000000114c       0x6c /home/nmt/Ac6/SystemWorkbench/plugins/fr.ac6.mcu.externaltools.arm-none.linux64_1.17.0.201812190825/tools/compiler/bin/../lib/gcc/arm-none-eabi/7.3.1/../../../../arm-none-eabi/lib/thumb/v7e-m/fpv4-sp/hard/libc.a(lib_a-locale.o)
 .debug_frame   0x00000000000011b8       0x4c /home/nmt/Ac6/SystemWorkbench/plugins/fr.ac6.mcu.externaltools.arm-none.linux64_1.17.0.201812190825/tools/compiler/bin/../lib/gcc/arm-none-eabi/7.3.1/../../../../arm-none-eabi/lib/thumb/v7e-m/fpv4-sp/hard/libc.a(lib_a-mbtowc_r.o)
 .debug_frame   0x0000000000001204       0x40 /home/nmt/Ac6/SystemWorkbench/plugins/fr.ac6.mcu.externaltools.arm-none.linux64_1.17.0.201812190825/tools/compiler/bin/../lib/gcc/arm-none-eabi/7.3.1/../../../../arm-none-eabi/lib/thumb/v7e-m/fpv4-sp/hard/libc.a(lib_a-memmove.o)
 .debug_frame   0x0000000000001244       0x58 /home/nmt/Ac6/SystemWorkbench/plugins/fr.ac6.mcu.externaltools.arm-none.linux64_1.17.0.201812190825/tools/compiler/bin/../lib/gcc/arm-none-eabi/7.3.1/../../../../arm-none-eabi/lib/thumb/v7e-m/fpv4-sp/hard/libc.a(lib_a-reallocr.o)
 .debug_frame   0x000000000000129c       0x68 /home/nmt/Ac6/SystemWorkbench/plugins/fr.ac6.mcu.externaltools.arm-none.linux64_1.17.0.201812190825/tools/compiler/bin/../lib/gcc/arm-none-eabi/7.3.1/../../../../arm-none-eabi/lib/thumb/v7e-m/fpv4-sp/hard/libc.a(lib_a-reent.o)
 .debug_frame   0x0000000000001304       0x3c /home/nmt/Ac6/SystemWorkbench/plugins/fr.ac6.mcu.externaltools.arm-none.linux64_1.17.0.201812190825/tools/compiler/bin/../lib/gcc/arm-none-eabi/7.3.1/../../../../arm-none-eabi/lib/thumb/v7e-m/fpv4-sp/hard/libc.a(lib_a-wctomb_r.o)
 .debug_frame   0x0000000000001340       0x50 /home/nmt/Ac6/SystemWorkbench/plugins/fr.ac6.mcu.externaltools.arm-none.linux64_1.17.0.201812190825/tools/compiler/bin/../lib/gcc/arm-none-eabi/7.3.1/thumb/v7e-m/fpv4-sp/hard/libgcc.a(_arm_muldivdf3.o)
 .debug_frame   0x0000000000001390       0xc4 /home/nmt/Ac6/SystemWorkbench/plugins/fr.ac6.mcu.externaltools.arm-none.linux64_1.17.0.201812190825/tools/compiler/bin/../lib/gcc/arm-none-eabi/7.3.1/thumb/v7e-m/fpv4-sp/hard/libgcc.a(_arm_cmpdf2.o)
 .debug_frame   0x0000000000001454       0x20 /home/nmt/Ac6/SystemWorkbench/plugins/fr.ac6.mcu.externaltools.arm-none.linux64_1.17.0.201812190825/tools/compiler/bin/../lib/gcc/arm-none-eabi/7.3.1/thumb/v7e-m/fpv4-sp/hard/libgcc.a(_arm_unorddf2.o)
 .debug_frame   0x0000000000001474       0x24 /home/nmt/Ac6/SystemWorkbench/plugins/fr.ac6.mcu.externaltools.arm-none.linux64_1.17.0.201812190825/tools/compiler/bin/../lib/gcc/arm-none-eabi/7.3.1/thumb/v7e-m/fpv4-sp/hard/libgcc.a(_arm_fixdfsi.o)
 .debug_frame   0x0000000000001498       0x2c /home/nmt/Ac6/SystemWorkbench/plugins/fr.ac6.mcu.externaltools.arm-none.linux64_1.17.0.201812190825/tools/compiler/bin/../lib/gcc/arm-none-eabi/7.3.1/thumb/v7e-m/fpv4-sp/hard/libgcc.a(_aeabi_uldivmod.o)
 .debug_frame   0x00000000000014c4       0x34 /home/nmt/Ac6/SystemWorkbench/plugins/fr.ac6.mcu.externaltools.arm-none.linux64_1.17.0.201812190825/tools/compiler/bin/../lib/gcc/arm-none-eabi/7.3.1/thumb/v7e-m/fpv4-sp/hard/libgcc.a(_udivmoddi4.o)
